Archive member included to satisfy reference by file (symbol)

C:\Users\PICHAU\e2_studio\workspace\Blinkycpp\synergy\ssp\src\driver\r_fmi\libs\libfmi_cm4_s7g2_gcc.a(r_fmi.o)
                              ./synergy/ssp/src/driver/r_ioport/r_ioport.o (g_fmi_on_fmi)
C:\Users\PICHAU\e2_studio\workspace\Blinkycpp\synergy\ssp\src\bsp\mcu\s7g2\libfmi_R7FS7G27H3A01CFC_gcc.a(bsp_fmi_R7FS7G27H3A01CFC.o)
                              C:\Users\PICHAU\e2_studio\workspace\Blinkycpp\synergy\ssp\src\driver\r_fmi\libs\libfmi_cm4_s7g2_gcc.a(r_fmi.o) (g_fmi_data)
c:/program files (x86)/gnu arm embedded toolchain/9 2020-q2-update/bin/../lib/gcc/arm-none-eabi/9.3.1/../../../../arm-none-eabi/lib/thumb/v7e-m+fp/hard\libg_nano.a(lib_a-errno.o)
                              ./synergy/ssp/src/bsp/mcu/all/bsp_sbrk.o (__errno)
c:/program files (x86)/gnu arm embedded toolchain/9 2020-q2-update/bin/../lib/gcc/arm-none-eabi/9.3.1/../../../../arm-none-eabi/lib/thumb/v7e-m+fp/hard\libg_nano.a(lib_a-exit.o)
                              c:/program files (x86)/gnu arm embedded toolchain/9 2020-q2-update/bin/../lib/gcc/arm-none-eabi/9.3.1/../../../../arm-none-eabi/lib/thumb/v7e-m+fp/hard/rdimon-crt0.o (exit)
c:/program files (x86)/gnu arm embedded toolchain/9 2020-q2-update/bin/../lib/gcc/arm-none-eabi/9.3.1/../../../../arm-none-eabi/lib/thumb/v7e-m+fp/hard\libg_nano.a(lib_a-impure.o)
                              c:/program files (x86)/gnu arm embedded toolchain/9 2020-q2-update/bin/../lib/gcc/arm-none-eabi/9.3.1/../../../../arm-none-eabi/lib/thumb/v7e-m+fp/hard\libg_nano.a(lib_a-exit.o) (_global_impure_ptr)
c:/program files (x86)/gnu arm embedded toolchain/9 2020-q2-update/bin/../lib/gcc/arm-none-eabi/9.3.1/../../../../arm-none-eabi/lib/thumb/v7e-m+fp/hard\libg_nano.a(lib_a-init.o)
                              c:/program files (x86)/gnu arm embedded toolchain/9 2020-q2-update/bin/../lib/gcc/arm-none-eabi/9.3.1/../../../../arm-none-eabi/lib/thumb/v7e-m+fp/hard/rdimon-crt0.o (__libc_init_array)
c:/program files (x86)/gnu arm embedded toolchain/9 2020-q2-update/bin/../lib/gcc/arm-none-eabi/9.3.1/../../../../arm-none-eabi/lib/thumb/v7e-m+fp/hard\libg_nano.a(lib_a-memset.o)
                              c:/program files (x86)/gnu arm embedded toolchain/9 2020-q2-update/bin/../lib/gcc/arm-none-eabi/9.3.1/../../../../arm-none-eabi/lib/thumb/v7e-m+fp/hard/rdimon-crt0.o (memset)
c:/program files (x86)/gnu arm embedded toolchain/9 2020-q2-update/bin/../lib/gcc/arm-none-eabi/9.3.1/../../../../arm-none-eabi/lib/thumb/v7e-m+fp/hard\libg_nano.a(lib_a-rand.o)
                              ./synergy/ssp/src/bsp/cmsis/Device/RENESAS/S7G2/Source/system_S7G2.o (srand)
c:/program files (x86)/gnu arm embedded toolchain/9 2020-q2-update/bin/../lib/gcc/arm-none-eabi/9.3.1/../../../../arm-none-eabi/lib/thumb/v7e-m+fp/hard\libg_nano.a(lib_a-assert.o)
                              c:/program files (x86)/gnu arm embedded toolchain/9 2020-q2-update/bin/../lib/gcc/arm-none-eabi/9.3.1/../../../../arm-none-eabi/lib/thumb/v7e-m+fp/hard\libg_nano.a(lib_a-rand.o) (__assert_func)
c:/program files (x86)/gnu arm embedded toolchain/9 2020-q2-update/bin/../lib/gcc/arm-none-eabi/9.3.1/../../../../arm-none-eabi/lib/thumb/v7e-m+fp/hard\libg_nano.a(lib_a-fprintf.o)
                              c:/program files (x86)/gnu arm embedded toolchain/9 2020-q2-update/bin/../lib/gcc/arm-none-eabi/9.3.1/../../../../arm-none-eabi/lib/thumb/v7e-m+fp/hard\libg_nano.a(lib_a-assert.o) (fiprintf)
c:/program files (x86)/gnu arm embedded toolchain/9 2020-q2-update/bin/../lib/gcc/arm-none-eabi/9.3.1/../../../../arm-none-eabi/lib/thumb/v7e-m+fp/hard\libg_nano.a(lib_a-malloc.o)
                              c:/program files (x86)/gnu arm embedded toolchain/9 2020-q2-update/bin/../lib/gcc/arm-none-eabi/9.3.1/../../../../arm-none-eabi/lib/thumb/v7e-m+fp/hard\libg_nano.a(lib_a-rand.o) (malloc)
c:/program files (x86)/gnu arm embedded toolchain/9 2020-q2-update/bin/../lib/gcc/arm-none-eabi/9.3.1/../../../../arm-none-eabi/lib/thumb/v7e-m+fp/hard\libg_nano.a(lib_a-nano-freer.o)
                              c:/program files (x86)/gnu arm embedded toolchain/9 2020-q2-update/bin/../lib/gcc/arm-none-eabi/9.3.1/../../../../arm-none-eabi/lib/thumb/v7e-m+fp/hard\libg_nano.a(lib_a-malloc.o) (_free_r)
c:/program files (x86)/gnu arm embedded toolchain/9 2020-q2-update/bin/../lib/gcc/arm-none-eabi/9.3.1/../../../../arm-none-eabi/lib/thumb/v7e-m+fp/hard\libg_nano.a(lib_a-nano-mallocr.o)
                              c:/program files (x86)/gnu arm embedded toolchain/9 2020-q2-update/bin/../lib/gcc/arm-none-eabi/9.3.1/../../../../arm-none-eabi/lib/thumb/v7e-m+fp/hard\libg_nano.a(lib_a-malloc.o) (_malloc_r)
c:/program files (x86)/gnu arm embedded toolchain/9 2020-q2-update/bin/../lib/gcc/arm-none-eabi/9.3.1/../../../../arm-none-eabi/lib/thumb/v7e-m+fp/hard\libg_nano.a(lib_a-nano-vfprintf.o)
[...]
Memory Configuration

Name             Origin             Length             Attributes
FLASH            0x00000000         0x00400000         xr
RAM              0x1ffe0000         0x000a0000         xrw
DATA_FLASH       0x40100000         0x00010000         xr
QSPI_FLASH       0x60000000         0x04000000         xr
SDRAM            0x90000000         0x02000000         xrw
ID_CODES         0x40120050         0x00000010         xr
*default*        0x00000000         0xffffffff

Linker script and memory map

LOAD c:/program files (x86)/gnu arm embedded toolchain/9 2020-q2-update/bin/../lib/gcc/arm-none-eabi/9.3.1/thumb/v7e-m+fp/hard/crti.o
LOAD c:/program files (x86)/gnu arm embedded toolchain/9 2020-q2-update/bin/../lib/gcc/arm-none-eabi/9.3.1/thumb/v7e-m+fp/hard/crtbegin.o
LOAD c:/program files (x86)/gnu arm embedded toolchain/9 2020-q2-update/bin/../lib/gcc/arm-none-eabi/9.3.1/../../../../arm-none-eabi/lib/thumb/v7e-m+fp/hard/rdimon-crt0.o
START GROUP
LOAD ./synergy/ssp/src/driver/r_ioport/r_ioport.o
LOAD ./synergy/ssp/src/driver/r_elc/r_elc.o
LOAD ./synergy/ssp/src/driver/r_cgc/r_cgc.o
LOAD ./synergy/ssp/src/bsp/mcu/s7g2/bsp_cache.o
LOAD ./synergy/ssp/src/bsp/mcu/s7g2/bsp_clocks.o
LOAD ./synergy/ssp/src/bsp/mcu/s7g2/bsp_feature.o
LOAD ./synergy/ssp/src/bsp/mcu/s7g2/bsp_group_irq.o
LOAD ./synergy/ssp/src/bsp/mcu/s7g2/bsp_hw_locks.o
LOAD ./synergy/ssp/src/bsp/mcu/s7g2/bsp_module_stop.o
LOAD ./synergy/ssp/src/bsp/mcu/s7g2/bsp_rom_registers.o
LOAD ./synergy/ssp/src/bsp/mcu/all/bsp_common.o
LOAD ./synergy/ssp/src/bsp/mcu/all/bsp_common_leds.o
LOAD ./synergy/ssp/src/bsp/mcu/all/bsp_delay.o
LOAD ./synergy/ssp/src/bsp/mcu/all/bsp_irq.o
LOAD ./synergy/ssp/src/bsp/mcu/all/bsp_locking.o
LOAD ./synergy/ssp/src/bsp/mcu/all/bsp_register_protection.o
LOAD ./synergy/ssp/src/bsp/mcu/all/bsp_sbrk.o
LOAD ./synergy/ssp/src/bsp/cmsis/Device/RENESAS/S7G2/Source/startup_S7G2.o
LOAD ./synergy/ssp/src/bsp/cmsis/Device/RENESAS/S7G2/Source/system_S7G2.o
LOAD ./synergy/board/s7g2_sk/bsp_init.o
LOAD ./synergy/board/s7g2_sk/bsp_leds.o
LOAD ./synergy/board/s7g2_sk/bsp_qspi.o
LOAD ./src/synergy_gen/common_data.o
LOAD ./src/synergy_gen/hal_data.o
LOAD ./src/synergy_gen/main.o
LOAD ./src/synergy_gen/pin_data.o
LOAD ./src/hal_entry.o
LOAD ./src/hello.o
LOAD C:\Users\PICHAU\e2_studio\workspace\Blinkycpp\synergy\ssp\src\bsp\cmsis\DSP_Lib\cm4_gcc\libDSP_Lib.a
LOAD C:\Users\PICHAU\e2_studio\workspace\Blinkycpp\synergy\ssp\src\bsp\cmsis\NN_Lib\cm4_gcc\libNN_Lib.a
LOAD C:\Users\PICHAU\e2_studio\workspace\Blinkycpp\synergy\ssp\src\driver\r_fmi\libs\libfmi_cm4_s7g2_gcc.a
LOAD C:\Users\PICHAU\e2_studio\workspace\Blinkycpp\synergy\ssp\src\bsp\mcu\s7g2\libfmi_R7FS7G27H3A01CFC_gcc.a
END GROUP
LOAD c:/program files (x86)/gnu arm embedded toolchain/9 2020-q2-update/bin/../lib/gcc/arm-none-eabi/9.3.1/../../../../arm-none-eabi/lib/thumb/v7e-m+fp/hard\libstdc++_nano.a
LOAD c:/program files (x86)/gnu arm embedded toolchain/9 2020-q2-update/bin/../lib/gcc/arm-none-eabi/9.3.1/../../../../arm-none-eabi/lib/thumb/v7e-m+fp/hard\libm.a
START GROUP
LOAD c:/program files (x86)/gnu arm embedded toolchain/9 2020-q2-update/bin/../lib/gcc/arm-none-eabi/9.3.1/thumb/v7e-m+fp/hard\libgcc.a
LOAD c:/program files (x86)/gnu arm embedded toolchain/9 2020-q2-update/bin/../lib/gcc/arm-none-eabi/9.3.1/../../../../arm-none-eabi/lib/thumb/v7e-m+fp/hard\libg_nano.a
LOAD c:/program files (x86)/gnu arm embedded toolchain/9 2020-q2-update/bin/../lib/gcc/arm-none-eabi/9.3.1/../../../../arm-none-eabi/lib/thumb/v7e-m+fp/hard\libc_nano.a
END GROUP
START GROUP
LOAD c:/program files (x86)/gnu arm embedded toolchain/9 2020-q2-update/bin/../lib/gcc/arm-none-eabi/9.3.1/thumb/v7e-m+fp/hard\libgcc.a
LOAD c:/program files (x86)/gnu arm embedded toolchain/9 2020-q2-update/bin/../lib/gcc/arm-none-eabi/9.3.1/../../../../arm-none-eabi/lib/thumb/v7e-m+fp/hard\libc_nano.a
LOAD c:/program files (x86)/gnu arm embedded toolchain/9 2020-q2-update/bin/../lib/gcc/arm-none-eabi/9.3.1/../../../../arm-none-eabi/lib/thumb/v7e-m+fp/hard\librdimon_nano.a
END GROUP
START GROUP
LOAD c:/program files (x86)/gnu arm embedded toolchain/9 2020-q2-update/bin/../lib/gcc/arm-none-eabi/9.3.1/thumb/v7e-m+fp/hard\libgcc.a
LOAD c:/program files (x86)/gnu arm embedded toolchain/9 2020-q2-update/bin/../lib/gcc/arm-none-eabi/9.3.1/../../../../arm-none-eabi/lib/thumb/v7e-m+fp/hard\libc_nano.a
LOAD c:/program files (x86)/gnu arm embedded toolchain/9 2020-q2-update/bin/../lib/gcc/arm-none-eabi/9.3.1/../../../../arm-none-eabi/lib/thumb/v7e-m+fp/hard\librdimon_nano.a
END GROUP
LOAD c:/program files (x86)/gnu arm embedded toolchain/9 2020-q2-update/bin/../lib/gcc/arm-none-eabi/9.3.1/thumb/v7e-m+fp/hard/crtend.o
LOAD c:/program files (x86)/gnu arm embedded toolchain/9 2020-q2-update/bin/../lib/gcc/arm-none-eabi/9.3.1/thumb/v7e-m+fp/hard/crtn.o
START GROUP
LOAD c:/program files (x86)/gnu arm embedded toolchain/9 2020-q2-update/bin/../lib/gcc/arm-none-eabi/9.3.1/thumb/v7e-m+fp/hard\libgcc.a
LOAD c:/program files (x86)/gnu arm embedded toolchain/9 2020-q2-update/bin/../lib/gcc/arm-none-eabi/9.3.1/../../../../arm-none-eabi/lib/thumb/v7e-m+fp/hard\libc.a
LOAD c:/program files (x86)/gnu arm embedded toolchain/9 2020-q2-update/bin/../lib/gcc/arm-none-eabi/9.3.1/../../../../arm-none-eabi/lib/thumb/v7e-m+fp/hard\libm.a
LOAD c:/program files (x86)/gnu arm embedded toolchain/9 2020-q2-update/bin/../lib/gcc/arm-none-eabi/9.3.1/../../../../arm-none-eabi/lib/thumb/v7e-m+fp/hard\libnosys.a
END GROUP

.text           0x00000000     0x51a8
                0x00000000                __ROM_Start = .
 *(.vectors)
 .vectors       0x00000000       0x40 ./synergy/ssp/src/bsp/cmsis/Device/RENESAS/S7G2/Source/startup_S7G2.o
                0x00000000                __Vectors
 *(SORT_BY_NAME(.vector.*))
                0x00000040                __Vectors_End = .
                0x1ffe0268                __end__ = .
                0x00000400                . = (__ROM_Start + 0x400)
 *fill*         0x00000040      0x3c0 ff
 *(.rom_registers*)
 .rom_registers
                0x00000400       0x3c ./synergy/ssp/src/bsp/mcu/s7g2/bsp_rom_registers.o
                0x00000500                . = (__ROM_Start + 0x500)
 *fill*         0x0000043c       0xc4 ff
                0x00000500                __Vector_Info_Start = .
 *(SORT_BY_NAME(.vector_info.*))
                0x00000500                __Vector_Info_End = .
                0x00000500                __Lock_Lookup_Start = .
 *(SORT_BY_NAME(.hw_lock_lookup.*))
 .hw_lock_lookup.ADC_0U_0U
                0x00000500        0x4 ./synergy/ssp/src/bsp/mcu/s7g2/bsp_hw_locks.o
                0x00000500                g_lock_lookup_ADC_0U_0U
 .hw_lock_lookup.ADC_0U_1U
                0x00000504        0x4 ./synergy/ssp/src/bsp/mcu/s7g2/bsp_hw_locks.o
                0x00000504                g_lock_lookup_ADC_0U_1U
 .hw_lock_lookup.AGT_0U_0U
                0x00000508        0x4 ./synergy/ssp/src/bsp/mcu/s7g2/bsp_hw_locks.o
                0x00000508                g_lock_lookup_AGT_0U_0U
 .hw_lock_lookup.AGT_0U_1U
                0x0000050c        0x4 ./synergy/ssp/src/bsp/mcu/s7g2/bsp_hw_locks.o
                0x0000050c                g_lock_lookup_AGT_0U_1U
 .hw_lock_lookup.BSC_0U_1U
                0x00000510        0x4 ./synergy/ssp/src/bsp/mcu/s7g2/bsp_hw_locks.o
                0x00000510                g_lock_lookup_BSC_0U_1U
 .hw_lock_lookup.CAC_0U_0U
                0x00000514        0x4 ./synergy/ssp/src/bsp/mcu/s7g2/bsp_hw_locks.o
                0x00000514                g_lock_lookup_CAC_0U_0U
 .hw_lock_lookup.CAN_0U_0U
                0x00000518        0x4 ./synergy/ssp/src/bsp/mcu/s7g2/bsp_hw_locks.o
                0x00000518                g_lock_lookup_CAN_0U_0U
 .hw_lock_lookup.CAN_0U_1U
                0x0000051c        0x4 ./synergy/ssp/src/bsp/mcu/s7g2/bsp_hw_locks.o
                0x0000051c                g_lock_lookup_CAN_0U_1U
 .hw_lock_lookup.COMP_HS_0U_0U
                0x00000520        0x4 ./synergy/ssp/src/bsp/mcu/s7g2/bsp_hw_locks.o
                0x00000520                g_lock_lookup_COMP_HS_0U_0U
 .hw_lock_lookup.COMP_HS_0U_1U
                0x00000524        0x4 ./synergy/ssp/src/bsp/mcu/s7g2/bsp_hw_locks.o
                0x00000524                g_lock_lookup_COMP_HS_0U_1U
 .hw_lock_lookup.COMP_HS_0U_2U
                0x00000528        0x4 ./synergy/ssp/src/bsp/mcu/s7g2/bsp_hw_locks.o
                0x00000528                g_lock_lookup_COMP_HS_0U_2U
 .hw_lock_lookup.COMP_HS_0U_3U
                0x0000052c        0x4 ./synergy/ssp/src/bsp/mcu/s7g2/bsp_hw_locks.o
                0x0000052c                g_lock_lookup_COMP_HS_0U_3U
 .hw_lock_lookup.COMP_HS_0U_4U
                0x00000530        0x4 ./synergy/ssp/src/bsp/mcu/s7g2/bsp_hw_locks.o
                0x00000530                g_lock_lookup_COMP_HS_0U_4U
 .hw_lock_lookup.COMP_HS_0U_5U
                0x00000534        0x4 ./synergy/ssp/src/bsp/mcu/s7g2/bsp_hw_locks.o
                0x00000534                g_lock_lookup_COMP_HS_0U_5U
 .hw_lock_lookup.CRC_0U_0U
                0x00000538        0x4 ./synergy/ssp/src/bsp/mcu/s7g2/bsp_hw_locks.o
                0x00000538                g_lock_lookup_CRC_0U_0U
 .hw_lock_lookup.CTSU_0U_0U
                0x0000053c        0x4 ./synergy/ssp/src/bsp/mcu/s7g2/bsp_hw_locks.o
                0x0000053c                g_lock_lookup_CTSU_0U_0U
 .hw_lock_lookup.DAAD_0U_0U
                0x00000540        0x4 ./synergy/ssp/src/bsp/mcu/s7g2/bsp_hw_locks.o
                0x00000540                g_lock_lookup_DAAD_0U_0U
 .hw_lock_lookup.DAC_0U_0U
                0x00000544        0x4 ./synergy/ssp/src/bsp/mcu/s7g2/bsp_hw_locks.o
                0x00000544                g_lock_lookup_DAC_0U_0U
 .hw_lock_lookup.DAC_0U_1U
                0x00000548        0x4 ./synergy/ssp/src/bsp/mcu/s7g2/bsp_hw_locks.o
                0x00000548                g_lock_lookup_DAC_0U_1U
 .hw_lock_lookup.DMAC_0U_0U
                0x0000054c        0x4 ./synergy/ssp/src/bsp/mcu/s7g2/bsp_hw_locks.o
                0x0000054c                g_lock_lookup_DMAC_0U_0U
 .hw_lock_lookup.DMAC_0U_1U
                0x00000550        0x4 ./synergy/ssp/src/bsp/mcu/s7g2/bsp_hw_locks.o
                0x00000550                g_lock_lookup_DMAC_0U_1U
 .hw_lock_lookup.DMAC_0U_2U
                0x00000554        0x4 ./synergy/ssp/src/bsp/mcu/s7g2/bsp_hw_locks.o
                0x00000554                g_lock_lookup_DMAC_0U_2U
 .hw_lock_lookup.DMAC_0U_3U
                0x00000558        0x4 ./synergy/ssp/src/bsp/mcu/s7g2/bsp_hw_locks.o
                0x00000558                g_lock_lookup_DMAC_0U_3U
 .hw_lock_lookup.DMAC_0U_4U
                0x0000055c        0x4 ./synergy/ssp/src/bsp/mcu/s7g2/bsp_hw_locks.o
                0x0000055c                g_lock_lookup_DMAC_0U_4U
 .hw_lock_lookup.DMAC_0U_5U
                0x00000560        0x4 ./synergy/ssp/src/bsp/mcu/s7g2/bsp_hw_locks.o
                0x00000560                g_lock_lookup_DMAC_0U_5U
 .hw_lock_lookup.DMAC_0U_6U
                0x00000564        0x4 ./synergy/ssp/src/bsp/mcu/s7g2/bsp_hw_locks.o
                0x00000564                g_lock_lookup_DMAC_0U_6U
 .hw_lock_lookup.DMAC_0U_7U
                0x00000568        0x4 ./synergy/ssp/src/bsp/mcu/s7g2/bsp_hw_locks.o
                0x00000568                g_lock_lookup_DMAC_0U_7U
 .hw_lock_lookup.DOC_0U_0U
                0x0000056c        0x4 ./synergy/ssp/src/bsp/mcu/s7g2/bsp_hw_locks.o
                0x0000056c                g_lock_lookup_DOC_0U_0U
 .hw_lock_lookup.DRW_0U_0U
                0x00000570        0x4 ./synergy/ssp/src/bsp/mcu/s7g2/bsp_hw_locks.o
                0x00000570                g_lock_lookup_DRW_0U_0U
 .hw_lock_lookup.DTC_0U_0U
                0x00000574        0x4 ./synergy/ssp/src/bsp/mcu/s7g2/bsp_hw_locks.o
                0x00000574                g_lock_lookup_DTC_0U_0U
 .hw_lock_lookup.ELC_0U_0U
                0x00000578        0x4 ./synergy/ssp/src/bsp/mcu/s7g2/bsp_hw_locks.o
                0x00000578                g_lock_lookup_ELC_0U_0U
 .hw_lock_lookup.EPTPC_0U_0U
                0x0000057c        0x4 ./synergy/ssp/src/bsp/mcu/s7g2/bsp_hw_locks.o
                0x0000057c                g_lock_lookup_EPTPC_0U_0U
 .hw_lock_lookup.ETHER_0U_0U
                0x00000580        0x4 ./synergy/ssp/src/bsp/mcu/s7g2/bsp_hw_locks.o
                0x00000580                g_lock_lookup_ETHER_0U_0U
 .hw_lock_lookup.ETHER_0U_1U
                0x00000584        0x4 ./synergy/ssp/src/bsp/mcu/s7g2/bsp_hw_locks.o
                0x00000584                g_lock_lookup_ETHER_0U_1U
 .hw_lock_lookup.FCU_0U_0U
                0x00000588        0x4 ./synergy/ssp/src/bsp/mcu/s7g2/bsp_hw_locks.o
                0x00000588                g_lock_lookup_FCU_0U_0U
 .hw_lock_lookup.GLCDC_0U_0U
                0x0000058c        0x4 ./synergy/ssp/src/bsp/mcu/s7g2/bsp_hw_locks.o
                0x0000058c                g_lock_lookup_GLCDC_0U_0U
 .hw_lock_lookup.GPT_0U_0U
                0x00000590        0x4 ./synergy/ssp/src/bsp/mcu/s7g2/bsp_hw_locks.o
                0x00000590                g_lock_lookup_GPT_0U_0U
 .hw_lock_lookup.GPT_0U_10U
                0x00000594        0x4 ./synergy/ssp/src/bsp/mcu/s7g2/bsp_hw_locks.o
                0x00000594                g_lock_lookup_GPT_0U_10U
 .hw_lock_lookup.GPT_0U_11U
                0x00000598        0x4 ./synergy/ssp/src/bsp/mcu/s7g2/bsp_hw_locks.o
                0x00000598                g_lock_lookup_GPT_0U_11U
 .hw_lock_lookup.GPT_0U_12U
                0x0000059c        0x4 ./synergy/ssp/src/bsp/mcu/s7g2/bsp_hw_locks.o
                0x0000059c                g_lock_lookup_GPT_0U_12U
 .hw_lock_lookup.GPT_0U_13U
                0x000005a0        0x4 ./synergy/ssp/src/bsp/mcu/s7g2/bsp_hw_locks.o
                0x000005a0                g_lock_lookup_GPT_0U_13U
 .hw_lock_lookup.GPT_0U_1U
                0x000005a4        0x4 ./synergy/ssp/src/bsp/mcu/s7g2/bsp_hw_locks.o
                0x000005a4                g_lock_lookup_GPT_0U_1U
 .hw_lock_lookup.GPT_0U_2U
                0x000005a8        0x4 ./synergy/ssp/src/bsp/mcu/s7g2/bsp_hw_locks.o
                0x000005a8                g_lock_lookup_GPT_0U_2U
 .hw_lock_lookup.GPT_0U_3U
                0x000005ac        0x4 ./synergy/ssp/src/bsp/mcu/s7g2/bsp_hw_locks.o
                0x000005ac                g_lock_lookup_GPT_0U_3U
 .hw_lock_lookup.GPT_0U_4U
                0x000005b0        0x4 ./synergy/ssp/src/bsp/mcu/s7g2/bsp_hw_locks.o
                0x000005b0                g_lock_lookup_GPT_0U_4U
 .hw_lock_lookup.GPT_0U_5U
                0x000005b4        0x4 ./synergy/ssp/src/bsp/mcu/s7g2/bsp_hw_locks.o
                0x000005b4                g_lock_lookup_GPT_0U_5U
 .hw_lock_lookup.GPT_0U_6U
                0x000005b8        0x4 ./synergy/ssp/src/bsp/mcu/s7g2/bsp_hw_locks.o
                0x000005b8                g_lock_lookup_GPT_0U_6U
 .hw_lock_lookup.GPT_0U_7U
                0x000005bc        0x4 ./synergy/ssp/src/bsp/mcu/s7g2/bsp_hw_locks.o
                0x000005bc                g_lock_lookup_GPT_0U_7U
 .hw_lock_lookup.GPT_0U_8U
                0x000005c0        0x4 ./synergy/ssp/src/bsp/mcu/s7g2/bsp_hw_locks.o
                0x000005c0                g_lock_lookup_GPT_0U_8U
 .hw_lock_lookup.GPT_0U_9U
                0x000005c4        0x4 ./synergy/ssp/src/bsp/mcu/s7g2/bsp_hw_locks.o
                0x000005c4                g_lock_lookup_GPT_0U_9U
 .hw_lock_lookup.ICU_0U_0U
                0x000005c8        0x4 ./synergy/ssp/src/bsp/mcu/s7g2/bsp_hw_locks.o
                0x000005c8                g_lock_lookup_ICU_0U_0U
 .hw_lock_lookup.ICU_0U_10U
                0x000005cc        0x4 ./synergy/ssp/src/bsp/mcu/s7g2/bsp_hw_locks.o
                0x000005cc                g_lock_lookup_ICU_0U_10U
 .hw_lock_lookup.ICU_0U_11U
                0x000005d0        0x4 ./synergy/ssp/src/bsp/mcu/s7g2/bsp_hw_locks.o
                0x000005d0                g_lock_lookup_ICU_0U_11U
 .hw_lock_lookup.ICU_0U_12U
                0x000005d4        0x4 ./synergy/ssp/src/bsp/mcu/s7g2/bsp_hw_locks.o
                0x000005d4                g_lock_lookup_ICU_0U_12U
 .hw_lock_lookup.ICU_0U_13U
                0x000005d8        0x4 ./synergy/ssp/src/bsp/mcu/s7g2/bsp_hw_locks.o
                0x000005d8                g_lock_lookup_ICU_0U_13U
 .hw_lock_lookup.ICU_0U_14U
                0x000005dc        0x4 ./synergy/ssp/src/bsp/mcu/s7g2/bsp_hw_locks.o
                0x000005dc                g_lock_lookup_ICU_0U_14U
 .hw_lock_lookup.ICU_0U_15U
                0x000005e0        0x4 ./synergy/ssp/src/bsp/mcu/s7g2/bsp_hw_locks.o
                0x000005e0                g_lock_lookup_ICU_0U_15U
 .hw_lock_lookup.ICU_0U_1U
                0x000005e4        0x4 ./synergy/ssp/src/bsp/mcu/s7g2/bsp_hw_locks.o
                0x000005e4                g_lock_lookup_ICU_0U_1U
 .hw_lock_lookup.ICU_0U_2U
                0x000005e8        0x4 ./synergy/ssp/src/bsp/mcu/s7g2/bsp_hw_locks.o
                0x000005e8                g_lock_lookup_ICU_0U_2U
 .hw_lock_lookup.ICU_0U_3U
                0x000005ec        0x4 ./synergy/ssp/src/bsp/mcu/s7g2/bsp_hw_locks.o
                0x000005ec                g_lock_lookup_ICU_0U_3U
 .hw_lock_lookup.ICU_0U_4U
                0x000005f0        0x4 ./synergy/ssp/src/bsp/mcu/s7g2/bsp_hw_locks.o
                0x000005f0                g_lock_lookup_ICU_0U_4U
 .hw_lock_lookup.ICU_0U_5U
                0x000005f4        0x4 ./synergy/ssp/src/bsp/mcu/s7g2/bsp_hw_locks.o
                0x000005f4                g_lock_lookup_ICU_0U_5U
 .hw_lock_lookup.ICU_0U_6U
                0x000005f8        0x4 ./synergy/ssp/src/bsp/mcu/s7g2/bsp_hw_locks.o
                0x000005f8                g_lock_lookup_ICU_0U_6U
 .hw_lock_lookup.ICU_0U_7U
                0x000005fc        0x4 ./synergy/ssp/src/bsp/mcu/s7g2/bsp_hw_locks.o
                0x000005fc                g_lock_lookup_ICU_0U_7U
 .hw_lock_lookup.ICU_0U_8U
                0x00000600        0x4 ./synergy/ssp/src/bsp/mcu/s7g2/bsp_hw_locks.o
                0x00000600                g_lock_lookup_ICU_0U_8U
 .hw_lock_lookup.ICU_0U_9U
                0x00000604        0x4 ./synergy/ssp/src/bsp/mcu/s7g2/bsp_hw_locks.o
                0x00000604                g_lock_lookup_ICU_0U_9U
 .hw_lock_lookup.IIC_0U_0U
                0x00000608        0x4 ./synergy/ssp/src/bsp/mcu/s7g2/bsp_hw_locks.o
                0x00000608                g_lock_lookup_IIC_0U_0U
 .hw_lock_lookup.IIC_0U_1U
                0x0000060c        0x4 ./synergy/ssp/src/bsp/mcu/s7g2/bsp_hw_locks.o
                0x0000060c                g_lock_lookup_IIC_0U_1U
 .hw_lock_lookup.IIC_0U_2U
                0x00000610        0x4 ./synergy/ssp/src/bsp/mcu/s7g2/bsp_hw_locks.o
                0x00000610                g_lock_lookup_IIC_0U_2U
 .hw_lock_lookup.IRDA_0U_0U
                0x00000614        0x4 ./synergy/ssp/src/bsp/mcu/s7g2/bsp_hw_locks.o
                0x00000614                g_lock_lookup_IRDA_0U_0U
 .hw_lock_lookup.IWDT_0U_0U
                0x00000618        0x4 ./synergy/ssp/src/bsp/mcu/s7g2/bsp_hw_locks.o
                0x00000618                g_lock_lookup_IWDT_0U_0U
 .hw_lock_lookup.JPEG_0U_0U
                0x0000061c        0x4 ./synergy/ssp/src/bsp/mcu/s7g2/bsp_hw_locks.o
                0x0000061c                g_lock_lookup_JPEG_0U_0U
 .hw_lock_lookup.KEY_0U_0U
                0x00000620        0x4 ./synergy/ssp/src/bsp/mcu/s7g2/bsp_hw_locks.o
                0x00000620                g_lock_lookup_KEY_0U_0U
 .hw_lock_lookup.LPM_1U_0U
                0x00000624        0x4 ./synergy/ssp/src/bsp/mcu/s7g2/bsp_hw_locks.o
                0x00000624                g_lock_lookup_LPM_1U_0U
 .hw_lock_lookup.LVD_0U_0U
                0x00000628        0x4 ./synergy/ssp/src/bsp/mcu/s7g2/bsp_hw_locks.o
                0x00000628                g_lock_lookup_LVD_0U_0U
 .hw_lock_lookup.LVD_0U_1U
                0x0000062c        0x4 ./synergy/ssp/src/bsp/mcu/s7g2/bsp_hw_locks.o
                0x0000062c                g_lock_lookup_LVD_0U_1U
 .hw_lock_lookup.MMF_0U_0U
                0x00000630        0x4 ./synergy/ssp/src/bsp/mcu/s7g2/bsp_hw_locks.o
                0x00000630                g_lock_lookup_MMF_0U_0U
 .hw_lock_lookup.MPU_0U_0U
                0x00000634        0x4 ./synergy/ssp/src/bsp/mcu/s7g2/bsp_hw_locks.o
                0x00000634                g_lock_lookup_MPU_0U_0U
 .hw_lock_lookup.OPS_0U_0U
                0x00000638        0x4 ./synergy/ssp/src/bsp/mcu/s7g2/bsp_hw_locks.o
                0x00000638                g_lock_lookup_OPS_0U_0U
 .hw_lock_lookup.PDC_0U_0U
                0x0000063c        0x4 ./synergy/ssp/src/bsp/mcu/s7g2/bsp_hw_locks.o
                0x0000063c                g_lock_lookup_PDC_0U_0U
 .hw_lock_lookup.POEG_0U_0U
                0x00000640        0x4 ./synergy/ssp/src/bsp/mcu/s7g2/bsp_hw_locks.o
                0x00000640                g_lock_lookup_POEG_0U_0U
 .hw_lock_lookup.POEG_0U_1U
                0x00000644        0x4 ./synergy/ssp/src/bsp/mcu/s7g2/bsp_hw_locks.o
                0x00000644                g_lock_lookup_POEG_0U_1U
 .hw_lock_lookup.POEG_0U_2U
                0x00000648        0x4 ./synergy/ssp/src/bsp/mcu/s7g2/bsp_hw_locks.o
                0x00000648                g_lock_lookup_POEG_0U_2U
 .hw_lock_lookup.POEG_0U_3U
                0x0000064c        0x4 ./synergy/ssp/src/bsp/mcu/s7g2/bsp_hw_locks.o
                0x0000064c                g_lock_lookup_POEG_0U_3U
 .hw_lock_lookup.QSPI_0U_0U
                0x00000650        0x4 ./synergy/ssp/src/bsp/mcu/s7g2/bsp_hw_locks.o
                0x00000650                g_lock_lookup_QSPI_0U_0U
 .hw_lock_lookup.RTC_0U_0U
                0x00000654        0x4 ./synergy/ssp/src/bsp/mcu/s7g2/bsp_hw_locks.o
                0x00000654                g_lock_lookup_RTC_0U_0U
 .hw_lock_lookup.SCE_0U_0U
                0x00000658        0x4 ./synergy/ssp/src/bsp/mcu/s7g2/bsp_hw_locks.o
                0x00000658                g_lock_lookup_SCE_0U_0U
 .hw_lock_lookup.SCI_0U_0U
                0x0000065c        0x4 ./synergy/ssp/src/bsp/mcu/s7g2/bsp_hw_locks.o
                0x0000065c                g_lock_lookup_SCI_0U_0U
 .hw_lock_lookup.SCI_0U_1U
                0x00000660        0x4 ./synergy/ssp/src/bsp/mcu/s7g2/bsp_hw_locks.o
                0x00000660                g_lock_lookup_SCI_0U_1U
 .hw_lock_lookup.SCI_0U_2U
                0x00000664        0x4 ./synergy/ssp/src/bsp/mcu/s7g2/bsp_hw_locks.o
                0x00000664                g_lock_lookup_SCI_0U_2U
 .hw_lock_lookup.SCI_0U_3U
                0x00000668        0x4 ./synergy/ssp/src/bsp/mcu/s7g2/bsp_hw_locks.o
                0x00000668                g_lock_lookup_SCI_0U_3U
 .hw_lock_lookup.SCI_0U_4U
                0x0000066c        0x4 ./synergy/ssp/src/bsp/mcu/s7g2/bsp_hw_locks.o
                0x0000066c                g_lock_lookup_SCI_0U_4U
 .hw_lock_lookup.SCI_0U_5U
                0x00000670        0x4 ./synergy/ssp/src/bsp/mcu/s7g2/bsp_hw_locks.o
                0x00000670                g_lock_lookup_SCI_0U_5U
 .hw_lock_lookup.SCI_0U_6U
                0x00000674        0x4 ./synergy/ssp/src/bsp/mcu/s7g2/bsp_hw_locks.o
                0x00000674                g_lock_lookup_SCI_0U_6U
 .hw_lock_lookup.SCI_0U_7U
                0x00000678        0x4 ./synergy/ssp/src/bsp/mcu/s7g2/bsp_hw_locks.o
                0x00000678                g_lock_lookup_SCI_0U_7U
 .hw_lock_lookup.SCI_0U_8U
                0x0000067c        0x4 ./synergy/ssp/src/bsp/mcu/s7g2/bsp_hw_locks.o
                0x0000067c                g_lock_lookup_SCI_0U_8U
 .hw_lock_lookup.SCI_0U_9U
                0x00000680        0x4 ./synergy/ssp/src/bsp/mcu/s7g2/bsp_hw_locks.o
                0x00000680                g_lock_lookup_SCI_0U_9U
 .hw_lock_lookup.SDHIMMC_0U_0U
                0x00000684        0x4 ./synergy/ssp/src/bsp/mcu/s7g2/bsp_hw_locks.o
                0x00000684                g_lock_lookup_SDHIMMC_0U_0U
 .hw_lock_lookup.SDHIMMC_0U_1U
                0x00000688        0x4 ./synergy/ssp/src/bsp/mcu/s7g2/bsp_hw_locks.o
                0x00000688                g_lock_lookup_SDHIMMC_0U_1U
 .hw_lock_lookup.SPI_0U_0U
                0x0000068c        0x4 ./synergy/ssp/src/bsp/mcu/s7g2/bsp_hw_locks.o
                0x0000068c                g_lock_lookup_SPI_0U_0U
 .hw_lock_lookup.SPI_0U_1U
                0x00000690        0x4 ./synergy/ssp/src/bsp/mcu/s7g2/bsp_hw_locks.o
                0x00000690                g_lock_lookup_SPI_0U_1U
 .hw_lock_lookup.SRC_0U_0U
                0x00000694        0x4 ./synergy/ssp/src/bsp/mcu/s7g2/bsp_hw_locks.o
                0x00000694                g_lock_lookup_SRC_0U_0U
 .hw_lock_lookup.SSI_0U_0U
                0x00000698        0x4 ./synergy/ssp/src/bsp/mcu/s7g2/bsp_hw_locks.o
                0x00000698                g_lock_lookup_SSI_0U_0U
 .hw_lock_lookup.SSI_0U_1U
                0x0000069c        0x4 ./synergy/ssp/src/bsp/mcu/s7g2/bsp_hw_locks.o
                0x0000069c                g_lock_lookup_SSI_0U_1U
 .hw_lock_lookup.TSN_0U_0U
                0x000006a0        0x4 ./synergy/ssp/src/bsp/mcu/s7g2/bsp_hw_locks.o
                0x000006a0                g_lock_lookup_TSN_0U_0U
 .hw_lock_lookup.USB_0U_0U
                0x000006a4        0x4 ./synergy/ssp/src/bsp/mcu/s7g2/bsp_hw_locks.o
                0x000006a4                g_lock_lookup_USB_0U_0U
 .hw_lock_lookup.USB_1U_0U
                0x000006a8        0x4 ./synergy/ssp/src/bsp/mcu/s7g2/bsp_hw_locks.o
                0x000006a8                g_lock_lookup_USB_1U_0U
 .hw_lock_lookup.WDT_0U_0U
                0x000006ac        0x4 ./synergy/ssp/src/bsp/mcu/s7g2/bsp_hw_locks.o
                0x000006ac                g_lock_lookup_WDT_0U_0U
                0x000006b0                __Lock_Lookup_End = .
 *(.text*)
 .text          0x000006b0       0x40 c:/program files (x86)/gnu arm embedded toolchain/9 2020-q2-update/bin/../lib/gcc/arm-none-eabi/9.3.1/thumb/v7e-m+fp/hard/crtbegin.o
 .text.R_IOPORT_PinRead
                0x000006f0       0x48 ./synergy/ssp/src/driver/r_ioport/r_ioport.o
                0x000006f0                R_IOPORT_PinRead
 .text.R_IOPORT_PortRead
                0x00000738       0x34 ./synergy/ssp/src/driver/r_ioport/r_ioport.o
                0x00000738                R_IOPORT_PortRead
 .text.R_IOPORT_PortWrite
                0x0000076c       0x38 ./synergy/ssp/src/driver/r_ioport/r_ioport.o
                0x0000076c                R_IOPORT_PortWrite
 .text.R_IOPORT_PinWrite
                0x000007a4       0x54 ./synergy/ssp/src/driver/r_ioport/r_ioport.o
                0x000007a4                R_IOPORT_PinWrite
 .text.R_IOPORT_PortDirectionSet
                0x000007f8       0x44 ./synergy/ssp/src/driver/r_ioport/r_ioport.o
                0x000007f8                R_IOPORT_PortDirectionSet
 .text.R_IOPORT_PortEventInputRead
                0x0000083c       0x34 ./synergy/ssp/src/driver/r_ioport/r_ioport.o
                0x0000083c                R_IOPORT_PortEventInputRead
 .text.R_IOPORT_PinEventInputRead
                0x00000870       0x58 ./synergy/ssp/src/driver/r_ioport/r_ioport.o
                0x00000870                R_IOPORT_PinEventInputRead
 .text.R_IOPORT_PortEventOutputWrite
                0x000008c8       0x38 ./synergy/ssp/src/driver/r_ioport/r_ioport.o
                0x000008c8                R_IOPORT_PortEventOutputWrite
 .text.R_IOPORT_PinEventOutputWrite
                0x00000900       0x64 ./synergy/ssp/src/driver/r_ioport/r_ioport.o
                0x00000900                R_IOPORT_PinEventOutputWrite
 .text.R_IOPORT_VersionGet
                0x00000964       0x10 ./synergy/ssp/src/driver/r_ioport/r_ioport.o
                0x00000964                R_IOPORT_VersionGet
 .text.R_IOPORT_PinDirectionSet
                0x00000974       0xd4 ./synergy/ssp/src/driver/r_ioport/r_ioport.o
                0x00000974                R_IOPORT_PinDirectionSet
 .text.bsp_vbatt_init.isra.0
                0x00000a48       0xac ./synergy/ssp/src/driver/r_ioport/r_ioport.o
 .text.R_IOPORT_EthernetModeCfg
                0x00000af4       0x50 ./synergy/ssp/src/driver/r_ioport/r_ioport.o
                0x00000af4                R_IOPORT_EthernetModeCfg
 .text.R_IOPORT_PinsCfg.part.0
                0x00000b44       0xcc ./synergy/ssp/src/driver/r_ioport/r_ioport.o
 .text.R_IOPORT_PinsCfg
                0x00000c10       0x10 ./synergy/ssp/src/driver/r_ioport/r_ioport.o
                0x00000c10                R_IOPORT_PinsCfg
 .text.R_IOPORT_Init
                0x00000c20       0x78 ./synergy/ssp/src/driver/r_ioport/r_ioport.o
                0x00000c20                R_IOPORT_Init
 .text.R_IOPORT_PinCfg
                0x00000c98       0xc8 ./synergy/ssp/src/driver/r_ioport/r_ioport.o
                0x00000c98                R_IOPORT_PinCfg
 .text.R_ELC_LinkSet
                0x00000d60       0x14 ./synergy/ssp/src/driver/r_elc/r_elc.o
                0x00000d60                R_ELC_LinkSet
 .text.R_ELC_LinkBreak
                0x00000d74       0x14 ./synergy/ssp/src/driver/r_elc/r_elc.o
                0x00000d74                R_ELC_LinkBreak
 .text.R_ELC_Enable
                0x00000d88       0x14 ./synergy/ssp/src/driver/r_elc/r_elc.o
                0x00000d88                R_ELC_Enable
 .text.R_ELC_Disable
                0x00000d9c       0x14 ./synergy/ssp/src/driver/r_elc/r_elc.o
                0x00000d9c                R_ELC_Disable
 .text.R_ELC_VersionGet
                0x00000db0       0x14 ./synergy/ssp/src/driver/r_elc/r_elc.o
                0x00000db0                R_ELC_VersionGet
 .text.R_ELC_SoftwareEventGenerate
                0x00000dc4       0x30 ./synergy/ssp/src/driver/r_elc/r_elc.o
                0x00000dc4                R_ELC_SoftwareEventGenerate
 .text.R_ELC_Init
                0x00000df4       0x7c ./synergy/ssp/src/driver/r_elc/r_elc.o
                0x00000df4                R_ELC_Init
 .text.R_CGC_LCDClockCfg
                0x00000e70        0x4 ./synergy/ssp/src/driver/r_cgc/r_cgc.o
                0x00000e70                R_CGC_LCDClockCfg
 .text.R_CGC_LCDClockEnable
                0x00000e74        0x4 ./synergy/ssp/src/driver/r_cgc/r_cgc.o
                0x00000e74                R_CGC_LCDClockEnable
 .text.R_CGC_VersionGet
                0x00000e78       0x14 ./synergy/ssp/src/driver/r_cgc/r_cgc.o
                0x00000e78                R_CGC_VersionGet
 .text.r_cgc_init_pllfreq
                0x00000e8c       0xe8 ./synergy/ssp/src/driver/r_cgc/r_cgc.o
 .text.R_CGC_SystemClockFreqGet
                0x00000f74       0xb0 ./synergy/ssp/src/driver/r_cgc/r_cgc.o
                0x00000f74                R_CGC_SystemClockFreqGet
 .text.r_cgc_system_dividers_set
                0x00001024       0x5c ./synergy/ssp/src/driver/r_cgc/r_cgc.o
 .text.R_CGC_OscStopStatusClear
                0x00001080       0x64 ./synergy/ssp/src/driver/r_cgc/r_cgc.o
                0x00001080                R_CGC_OscStopStatusClear
 .text.R_CGC_BusClockOutCfg
                0x000010e4       0x28 ./synergy/ssp/src/driver/r_cgc/r_cgc.o
                0x000010e4                R_CGC_BusClockOutCfg
 .text.R_CGC_BusClockOutEnable
                0x0000110c       0x28 ./synergy/ssp/src/driver/r_cgc/r_cgc.o
                0x0000110c                R_CGC_BusClockOutEnable
 .text.R_CGC_BusClockOutDisable
                0x00001134       0x28 ./synergy/ssp/src/driver/r_cgc/r_cgc.o
                0x00001134                R_CGC_BusClockOutDisable
 .text.R_CGC_ClockOutEnable
                0x0000115c       0x28 ./synergy/ssp/src/driver/r_cgc/r_cgc.o
                0x0000115c                R_CGC_ClockOutEnable
 .text.R_CGC_ClockOutDisable
                0x00001184       0x28 ./synergy/ssp/src/driver/r_cgc/r_cgc.o
                0x00001184                R_CGC_ClockOutDisable
 .text.R_CGC_SDRAMClockOutEnable
                0x000011ac       0x28 ./synergy/ssp/src/driver/r_cgc/r_cgc.o
                0x000011ac                R_CGC_SDRAMClockOutEnable
 .text.R_CGC_SDRAMClockOutDisable
                0x000011d4       0x28 ./synergy/ssp/src/driver/r_cgc/r_cgc.o
                0x000011d4                R_CGC_SDRAMClockOutDisable
 .text.R_CGC_USBClockCfg
                0x000011fc       0x28 ./synergy/ssp/src/driver/r_cgc/r_cgc.o
                0x000011fc                R_CGC_USBClockCfg
 .text.r_cgc_check_dividers
                0x00001224       0x34 ./synergy/ssp/src/driver/r_cgc/r_cgc.o
 .text.R_CGC_SystickUpdate
                0x00001258       0x88 ./synergy/ssp/src/driver/r_cgc/r_cgc.o
                0x00001258                R_CGC_SystickUpdate
 .text.R_CGC_ClockOutCfg
                0x000012e0       0x5c ./synergy/ssp/src/driver/r_cgc/r_cgc.o
                0x000012e0                R_CGC_ClockOutCfg
 .text.R_CGC_OscStopDetect
                0x0000133c      0x11c ./synergy/ssp/src/driver/r_cgc/r_cgc.o
                0x0000133c                R_CGC_OscStopDetect
 .text.r_cgc_subclock_drive_set.constprop.0
                0x00001458       0x34 ./synergy/ssp/src/driver/r_cgc/r_cgc.o
 .text.R_CGC_SDADCClockCfg
                0x0000148c        0x4 ./synergy/ssp/src/driver/r_cgc/r_cgc.o
                0x0000148c                R_CGC_SDADCClockCfg
 .text.R_CGC_LCDClockDisable
                0x00001490        0x4 ./synergy/ssp/src/driver/r_cgc/r_cgc.o
                0x00001490                R_CGC_LCDClockDisable
 .text.R_CGC_SDADCClockEnable
                0x00001494        0x4 ./synergy/ssp/src/driver/r_cgc/r_cgc.o
                0x00001494                R_CGC_SDADCClockEnable
 .text.R_CGC_SDADCClockDisable
                0x00001498        0x4 ./synergy/ssp/src/driver/r_cgc/r_cgc.o
                0x00001498                R_CGC_SDADCClockDisable
 .text.R_CGC_SystemClockGet
                0x0000149c       0x58 ./synergy/ssp/src/driver/r_cgc/r_cgc.o
                0x0000149c                R_CGC_SystemClockGet
 .text.r_cgc_clock_run_state_get
                0x000014f4       0x68 ./synergy/ssp/src/driver/r_cgc/r_cgc.o
                0x000014f4                r_cgc_clock_run_state_get
 .text.r_cgc_wait_to_complete
                0x0000155c       0x44 ./synergy/ssp/src/driver/r_cgc/r_cgc.o
 .text.R_CGC_Init
                0x000015a0       0xdc ./synergy/ssp/src/driver/r_cgc/r_cgc.o
                0x000015a0                R_CGC_Init
 .text.R_CGC_ClockStop
                0x0000167c      0x150 ./synergy/ssp/src/driver/r_cgc/r_cgc.o
                0x0000167c                R_CGC_ClockStop
 .text.R_CGC_ClockCheck
                0x000017cc       0x90 ./synergy/ssp/src/driver/r_cgc/r_cgc.o
                0x000017cc                R_CGC_ClockCheck
 .text.r_cgc_stabilization_wait
                0x0000185c       0x34 ./synergy/ssp/src/driver/r_cgc/r_cgc.o
 .text.r_cgc_operating_hw_modeset
                0x00001890      0x100 ./synergy/ssp/src/driver/r_cgc/r_cgc.o
                0x00001890                r_cgc_operating_hw_modeset
 .text.r_cgc_operating_mode_set
                0x00001990       0x50 ./synergy/ssp/src/driver/r_cgc/r_cgc.o
 .text.R_CGC_ClockStart
                0x000019e0      0x368 ./synergy/ssp/src/driver/r_cgc/r_cgc.o
                0x000019e0                R_CGC_ClockStart
 .text.r_cgc_clock_start_stop
                0x00001d48       0x54 ./synergy/ssp/src/driver/r_cgc/r_cgc.o
 .text.R_CGC_SystemClockSet
                0x00001d9c      0x1b4 ./synergy/ssp/src/driver/r_cgc/r_cgc.o
                0x00001d9c                R_CGC_SystemClockSet
 .text.R_CGC_ClocksCfg
                0x00001f50      0x140 ./synergy/ssp/src/driver/r_cgc/r_cgc.o
                0x00001f50                R_CGC_ClocksCfg
 .text.R_BSP_CacheOff
                0x00002090       0x28 ./synergy/ssp/src/bsp/mcu/s7g2/bsp_cache.o
                0x00002090                R_BSP_CacheOff
 .text.R_BSP_CacheSet
                0x000020b8       0x48 ./synergy/ssp/src/bsp/mcu/s7g2/bsp_cache.o
                0x000020b8                R_BSP_CacheSet
 .text.bsp_clock_init
                0x00002100       0x90 ./synergy/ssp/src/bsp/mcu/s7g2/bsp_clocks.o
                0x00002100                bsp_clock_init
 .text.bsp_cpu_clock_get
                0x00002190       0x20 ./synergy/ssp/src/bsp/mcu/s7g2/bsp_clocks.o
                0x00002190                bsp_cpu_clock_get
 .text.bsp_clock_set_callback
                0x000021b0      0x134 ./synergy/ssp/src/bsp/mcu/s7g2/bsp_clocks.o
                0x000021b0                bsp_clock_set_callback
 .text.R_BSP_FeatureIoportGet
                0x000022e4       0x10 ./synergy/ssp/src/bsp/mcu/s7g2/bsp_feature.o
                0x000022e4                R_BSP_FeatureIoportGet
 .text.R_BSP_FeatureCgcGet
                0x000022f4        0xc ./synergy/ssp/src/bsp/mcu/s7g2/bsp_feature.o
                0x000022f4                R_BSP_FeatureCgcGet
 .text.bsp_group_interrupt_open
                0x00002300       0x18 ./synergy/ssp/src/bsp/mcu/s7g2/bsp_group_irq.o
                0x00002300                bsp_group_interrupt_open
 .text.R_BSP_GroupIrqWrite
                0x00002318       0x10 ./synergy/ssp/src/bsp/mcu/s7g2/bsp_group_irq.o
                0x00002318                R_BSP_GroupIrqWrite
 .text.NMI_Handler
                0x00002328      0x1c8 ./synergy/ssp/src/bsp/mcu/s7g2/bsp_group_irq.o
                0x00002328                NMI_Handler
 .text.r_bsp_get_mstp_mask
                0x000024f0       0x4c ./synergy/ssp/src/bsp/mcu/s7g2/bsp_module_stop.o
 .text.r_bsp_module_start_stop
                0x0000253c       0x6c ./synergy/ssp/src/bsp/mcu/s7g2/bsp_module_stop.o
 .text.R_BSP_ModuleStart
                0x000025a8        0x8 ./synergy/ssp/src/bsp/mcu/s7g2/bsp_module_stop.o
                0x000025a8                R_BSP_ModuleStart
 .text.R_BSP_LedsGet
                0x000025b0       0x20 ./synergy/ssp/src/bsp/mcu/all/bsp_common_leds.o
                0x000025b0                R_BSP_LedsGet
 .text.software_delay_loop
                0x000025d0        0xc ./synergy/ssp/src/bsp/mcu/all/bsp_delay.o
 .text.R_BSP_SoftwareDelay
                0x000025dc       0x60 ./synergy/ssp/src/bsp/mcu/all/bsp_delay.o
                0x000025dc                R_BSP_SoftwareDelay
 .text.bsp_irq_cfg
                0x0000263c       0x40 ./synergy/ssp/src/bsp/mcu/all/bsp_irq.o
                0x0000263c                bsp_irq_cfg
 .text.bsp_init_hardware_locks
                0x0000267c       0x68 ./synergy/ssp/src/bsp/mcu/all/bsp_locking.o
                0x0000267c                bsp_init_hardware_locks
 .text.R_BSP_RegisterProtectEnable
                0x000026e4       0x60 ./synergy/ssp/src/bsp/mcu/all/bsp_register_protection.o
                0x000026e4                R_BSP_RegisterProtectEnable
 .text.R_BSP_RegisterProtectDisable
                0x00002744       0x50 ./synergy/ssp/src/bsp/mcu/all/bsp_register_protection.o
                0x00002744                R_BSP_RegisterProtectDisable
 .text.bsp_register_protect_open
                0x00002794       0x10 ./synergy/ssp/src/bsp/mcu/all/bsp_register_protection.o
                0x00002794                bsp_register_protect_open
 .text._sbrk    0x000027a4       0x40 ./synergy/ssp/src/bsp/mcu/all/bsp_sbrk.o
                0x000027a4                _sbrk
 .text.Default_Handler
                0x000027e4        0x4 ./synergy/ssp/src/bsp/cmsis/Device/RENESAS/S7G2/Source/startup_S7G2.o
                0x000027e4                DebugMon_Handler
                0x000027e4                HardFault_Handler
                0x000027e4                SysTick_Handler
                0x000027e4                PendSV_Handler
                0x000027e4                UsageFault_Handler
                0x000027e4                Default_Handler
                0x000027e4                MemManage_Handler
                0x000027e4                SVC_Handler
                0x000027e4                BusFault_Handler
 .text.Reset_Handler
                0x000027e8        0xc ./synergy/ssp/src/bsp/cmsis/Device/RENESAS/S7G2/Source/startup_S7G2.o
                0x000027e8                Reset_Handler
 .text.R_BSP_WarmStart
                0x000027f4        0x4 ./synergy/ssp/src/bsp/cmsis/Device/RENESAS/S7G2/Source/system_S7G2.o
                0x000027f4                R_BSP_WarmStart
 .text.SystemInit
                0x000027f8      0x170 ./synergy/ssp/src/bsp/cmsis/Device/RENESAS/S7G2/Source/system_S7G2.o
                0x000027f8                SystemInit
 .text.bsp_init
                0x00002968        0x4 ./synergy/board/s7g2_sk/bsp_init.o
                0x00002968                bsp_init
 .text.bsp_qspi_xip_mode
                0x0000296c       0x80 ./synergy/board/s7g2_sk/bsp_qspi.o
 .text.bsp_qspi_init
                0x000029ec      0x138 ./synergy/board/s7g2_sk/bsp_qspi.o
                0x000029ec                bsp_qspi_init
 .text.startup.main
                0x00002b24        0xc ./src/synergy_gen/main.o
                0x00002b24                main
 .text.hal_entry
                0x00002b30       0x54 ./src/hal_entry.o
                0x00002b30                hal_entry
 .text.R_FMI_ProductInfoGet
                0x00002b84       0x30 C:\Users\PICHAU\e2_studio\workspace\Blinkycpp\synergy\ssp\src\driver\r_fmi\libs\libfmi_cm4_s7g2_gcc.a(r_fmi.o)
 .text.R_FMI_VersionGet
                0x00002bb4       0x14 C:\Users\PICHAU\e2_studio\workspace\Blinkycpp\synergy\ssp\src\driver\r_fmi\libs\libfmi_cm4_s7g2_gcc.a(r_fmi.o)
 .text.R_FMI_UniqueIdGet
                0x00002bc8       0x40 C:\Users\PICHAU\e2_studio\workspace\Blinkycpp\synergy\ssp\src\driver\r_fmi\libs\libfmi_cm4_s7g2_gcc.a(r_fmi.o)
 .text.R_FMI_EventInfoGet
                0x00002c08       0x80 C:\Users\PICHAU\e2_studio\workspace\Blinkycpp\synergy\ssp\src\driver\r_fmi\libs\libfmi_cm4_s7g2_gcc.a(r_fmi.o)
 .text.R_FMI_Init
                0x00002c88       0x90 C:\Users\PICHAU\e2_studio\workspace\Blinkycpp\synergy\ssp\src\driver\r_fmi\libs\libfmi_cm4_s7g2_gcc.a(r_fmi.o)
 .text.R_FMI_FeatureGet
                0x00002d18      0x244 C:\Users\PICHAU\e2_studio\workspace\Blinkycpp\synergy\ssp\src\driver\r_fmi\libs\libfmi_cm4_s7g2_gcc.a(r_fmi.o)
 .text.__errno  0x00002f5c        0xc c:/program files (x86)/gnu arm embedded toolchain/9 2020-q2-update/bin/../lib/gcc/arm-none-eabi/9.3.1/../../../../arm-none-eabi/lib/thumb/v7e-m+fp/hard\libg_nano.a(lib_a-errno.o)
                0x00002f5c                __errno
 .text.memset   0x00002f68       0x10 c:/program files (x86)/gnu arm embedded toolchain/9 2020-q2-update/bin/../lib/gcc/arm-none-eabi/9.3.1/../../../../arm-none-eabi/lib/thumb/v7e-m+fp/hard\libg_nano.a(lib_a-memset.o)
                0x00002f68                memset
 .text.srand    0x00002f78       0x5c c:/program files (x86)/gnu arm embedded toolchain/9 2020-q2-update/bin/../lib/gcc/arm-none-eabi/9.3.1/../../../../arm-none-eabi/lib/thumb/v7e-m+fp/hard\libg_nano.a(lib_a-rand.o)
                0x00002f78                srand
 .text.__assert_func
                0x00002fd4       0x3c c:/program files (x86)/gnu arm embedded toolchain/9 2020-q2-update/bin/../lib/gcc/arm-none-eabi/9.3.1/../../../../arm-none-eabi/lib/thumb/v7e-m+fp/hard\libg_nano.a(lib_a-assert.o)
                0x00002fd4                __assert_func
 .text.fprintf  0x00003010       0x24 c:/program files (x86)/gnu arm embedded toolchain/9 2020-q2-update/bin/../lib/gcc/arm-none-eabi/9.3.1/../../../../arm-none-eabi/lib/thumb/v7e-m+fp/hard\libg_nano.a(lib_a-fprintf.o)
                0x00003010                fiprintf
                0x00003010                fprintf
 .text.malloc   0x00003034       0x10 c:/program files (x86)/gnu arm embedded toolchain/9 2020-q2-update/bin/../lib/gcc/arm-none-eabi/9.3.1/../../../../arm-none-eabi/lib/thumb/v7e-m+fp/hard\libg_nano.a(lib_a-malloc.o)
                0x00003034                malloc
 .text._free_r  0x00003044       0xa0 c:/program files (x86)/gnu arm embedded toolchain/9 2020-q2-update/bin/../lib/gcc/arm-none-eabi/9.3.1/../../../../arm-none-eabi/lib/thumb/v7e-m+fp/hard\libg_nano.a(lib_a-nano-freer.o)
                0x00003044                _free_r
 .text._malloc_r
                0x000030e4       0xb4 c:/program files (x86)/gnu arm embedded toolchain/9 2020-q2-update/bin/../lib/gcc/arm-none-eabi/9.3.1/../../../../arm-none-eabi/lib/thumb/v7e-m+fp/hard\libg_nano.a(lib_a-nano-mallocr.o)
                0x000030e4                _malloc_r
 .text.__sfputc_r
                0x00003198       0x2e c:/program files (x86)/gnu arm embedded toolchain/9 2020-q2-update/bin/../lib/gcc/arm-none-eabi/9.3.1/../../../../arm-none-eabi/lib/thumb/v7e-m+fp/hard\libg_nano.a(lib_a-nano-vfprintf.o)
 .text.__sfputs_r
                0x000031c6       0x24 c:/program files (x86)/gnu arm embedded toolchain/9 2020-q2-update/bin/../lib/gcc/arm-none-eabi/9.3.1/../../../../arm-none-eabi/lib/thumb/v7e-m+fp/hard\libg_nano.a(lib_a-nano-vfprintf.o)
                0x000031c6                __sfputs_r
 *fill*         0x000031ea        0x2 ff
 .text._vfprintf_r
                0x000031ec      0x260 c:/program files (x86)/gnu arm embedded toolchain/9 2020-q2-update/bin/../lib/gcc/arm-none-eabi/9.3.1/../../../../arm-none-eabi/lib/thumb/v7e-m+fp/hard\libg_nano.a(lib_a-nano-vfprintf.o)
                0x000031ec                _vfprintf_r
                0x000031ec                _vfiprintf_r
 .text._printf_common
                0x0000344c       0xda c:/program files (x86)/gnu arm embedded toolchain/9 2020-q2-update/bin/../lib/gcc/arm-none-eabi/9.3.1/../../../../arm-none-eabi/lib/thumb/v7e-m+fp/hard\libg_nano.a(lib_a-nano-vfprintf_i.o)
                0x0000344c                _printf_common
 *fill*         0x00003526        0x2 ff
 .text._printf_i
                0x00003528      0x24c c:/program files (x86)/gnu arm embedded toolchain/9 2020-q2-update/bin/../lib/gcc/arm-none-eabi/9.3.1/../../../../arm-none-eabi/lib/thumb/v7e-m+fp/hard\libg_nano.a(lib_a-nano-vfprintf_i.o)
                0x00003528                _printf_i
 .text._sbrk_r  0x00003774       0x20 c:/program files (x86)/gnu arm embedded toolchain/9 2020-q2-update/bin/../lib/gcc/arm-none-eabi/9.3.1/../../../../arm-none-eabi/lib/thumb/v7e-m+fp/hard\libg_nano.a(lib_a-sbrkr.o)
                0x00003774                _sbrk_r
 .text.__swbuf_r
                0x00003794       0xa4 c:/program files (x86)/gnu arm embedded toolchain/9 2020-q2-update/bin/../lib/gcc/arm-none-eabi/9.3.1/../../../../arm-none-eabi/lib/thumb/v7e-m+fp/hard\libg_nano.a(lib_a-wbuf.o)
                0x00003794                __swbuf_r
 .text.__swsetup_r
                0x00003838       0xdc c:/program files (x86)/gnu arm embedded toolchain/9 2020-q2-update/bin/../lib/gcc/arm-none-eabi/9.3.1/../../../../arm-none-eabi/lib/thumb/v7e-m+fp/hard\libg_nano.a(lib_a-wsetup.o)
                0x00003838                __swsetup_r
 .text.abort    0x00003914        0xe c:/program files (x86)/gnu arm embedded toolchain/9 2020-q2-update/bin/../lib/gcc/arm-none-eabi/9.3.1/../../../../arm-none-eabi/lib/thumb/v7e-m+fp/hard\libg_nano.a(lib_a-abort.o)
                0x00003914                abort
 *fill*         0x00003922        0x2 ff
 .text.__sflush_r
                0x00003924      0x10c c:/program files (x86)/gnu arm embedded toolchain/9 2020-q2-update/bin/../lib/gcc/arm-none-eabi/9.3.1/../../../../arm-none-eabi/lib/thumb/v7e-m+fp/hard\libg_nano.a(lib_a-fflush.o)
                0x00003924                __sflush_r
 .text._fflush_r
                0x00003a30       0x78 c:/program files (x86)/gnu arm embedded toolchain/9 2020-q2-update/bin/../lib/gcc/arm-none-eabi/9.3.1/../../../../arm-none-eabi/lib/thumb/v7e-m+fp/hard\libg_nano.a(lib_a-fflush.o)
                0x00003a30                _fflush_r
 .text.std      0x00003aa8       0x48 c:/program files (x86)/gnu arm embedded toolchain/9 2020-q2-update/bin/../lib/gcc/arm-none-eabi/9.3.1/../../../../arm-none-eabi/lib/thumb/v7e-m+fp/hard\libg_nano.a(lib_a-findfp.o)
 .text._cleanup_r
                0x00003af0        0xc c:/program files (x86)/gnu arm embedded toolchain/9 2020-q2-update/bin/../lib/gcc/arm-none-eabi/9.3.1/../../../../arm-none-eabi/lib/thumb/v7e-m+fp/hard\libg_nano.a(lib_a-findfp.o)
                0x00003af0                _cleanup_r
 .text.__sfmoreglue
                0x00003afc       0x2c c:/program files (x86)/gnu arm embedded toolchain/9 2020-q2-update/bin/../lib/gcc/arm-none-eabi/9.3.1/../../../../arm-none-eabi/lib/thumb/v7e-m+fp/hard\libg_nano.a(lib_a-findfp.o)
                0x00003afc                __sfmoreglue
 .text.__sfp_lock_acquire
                0x00003b28        0xc c:/program files (x86)/gnu arm embedded toolchain/9 2020-q2-update/bin/../lib/gcc/arm-none-eabi/9.3.1/../../../../arm-none-eabi/lib/thumb/v7e-m+fp/hard\libg_nano.a(lib_a-findfp.o)
                0x00003b28                __sfp_lock_acquire
 .text.__sfp_lock_release
                0x00003b34        0xc c:/program files (x86)/gnu arm embedded toolchain/9 2020-q2-update/bin/../lib/gcc/arm-none-eabi/9.3.1/../../../../arm-none-eabi/lib/thumb/v7e-m+fp/hard\libg_nano.a(lib_a-findfp.o)
                0x00003b34                __sfp_lock_release
 .text.__sinit_lock_acquire
                0x00003b40        0xc c:/program files (x86)/gnu arm embedded toolchain/9 2020-q2-update/bin/../lib/gcc/arm-none-eabi/9.3.1/../../../../arm-none-eabi/lib/thumb/v7e-m+fp/hard\libg_nano.a(lib_a-findfp.o)
                0x00003b40                __sinit_lock_acquire
 .text.__sinit_lock_release
                0x00003b4c        0xc c:/program files (x86)/gnu arm embedded toolchain/9 2020-q2-update/bin/../lib/gcc/arm-none-eabi/9.3.1/../../../../arm-none-eabi/lib/thumb/v7e-m+fp/hard\libg_nano.a(lib_a-findfp.o)
                0x00003b4c                __sinit_lock_release
 .text.__sinit  0x00003b58       0x70 c:/program files (x86)/gnu arm embedded toolchain/9 2020-q2-update/bin/../lib/gcc/arm-none-eabi/9.3.1/../../../../arm-none-eabi/lib/thumb/v7e-m+fp/hard\libg_nano.a(lib_a-findfp.o)
                0x00003b58                __sinit
 .text.__sfp    0x00003bc8       0x8c c:/program files (x86)/gnu arm embedded toolchain/9 2020-q2-update/bin/../lib/gcc/arm-none-eabi/9.3.1/../../../../arm-none-eabi/lib/thumb/v7e-m+fp/hard\libg_nano.a(lib_a-findfp.o)
                0x00003bc8                __sfp
 .text._fwalk_reent
                0x00003c54       0x3e c:/program files (x86)/gnu arm embedded toolchain/9 2020-q2-update/bin/../lib/gcc/arm-none-eabi/9.3.1/../../../../arm-none-eabi/lib/thumb/v7e-m+fp/hard\libg_nano.a(lib_a-fwalk.o)
                0x00003c54                _fwalk_reent
 .text.__retarget_lock_init_recursive
                0x00003c92        0x2 c:/program files (x86)/gnu arm embedded toolchain/9 2020-q2-update/bin/../lib/gcc/arm-none-eabi/9.3.1/../../../../arm-none-eabi/lib/thumb/v7e-m+fp/hard\libg_nano.a(lib_a-lock.o)
                0x00003c92                __retarget_lock_init_recursive
 .text.__retarget_lock_acquire_recursive
                0x00003c94        0x2 c:/program files (x86)/gnu arm embedded toolchain/9 2020-q2-update/bin/../lib/gcc/arm-none-eabi/9.3.1/../../../../arm-none-eabi/lib/thumb/v7e-m+fp/hard\libg_nano.a(lib_a-lock.o)
                0x00003c94                __retarget_lock_acquire_recursive
 .text.__retarget_lock_release_recursive
                0x00003c96        0x2 c:/program files (x86)/gnu arm embedded toolchain/9 2020-q2-update/bin/../lib/gcc/arm-none-eabi/9.3.1/../../../../arm-none-eabi/lib/thumb/v7e-m+fp/hard\libg_nano.a(lib_a-lock.o)
                0x00003c96                __retarget_lock_release_recursive
 .text.__swhatbuf_r
                0x00003c98       0x48 c:/program files (x86)/gnu arm embedded toolchain/9 2020-q2-update/bin/../lib/gcc/arm-none-eabi/9.3.1/../../../../arm-none-eabi/lib/thumb/v7e-m+fp/hard\libg_nano.a(lib_a-makebuf.o)
                0x00003c98                __swhatbuf_r
 .text.__smakebuf_r
                0x00003ce0       0x80 c:/program files (x86)/gnu arm embedded toolchain/9 2020-q2-update/bin/../lib/gcc/arm-none-eabi/9.3.1/../../../../arm-none-eabi/lib/thumb/v7e-m+fp/hard\libg_nano.a(lib_a-makebuf.o)
                0x00003ce0                __smakebuf_r
 .text          0x00003d60       0xa0 c:/program files (x86)/gnu arm embedded toolchain/9 2020-q2-update/bin/../lib/gcc/arm-none-eabi/9.3.1/../../../../arm-none-eabi/lib/thumb/v7e-m+fp/hard\libg_nano.a(lib_a-memchr.o)
                0x00003d60                memchr
 .text.__malloc_lock
                0x00003e00        0xc c:/program files (x86)/gnu arm embedded toolchain/9 2020-q2-update/bin/../lib/gcc/arm-none-eabi/9.3.1/../../../../arm-none-eabi/lib/thumb/v7e-m+fp/hard\libg_nano.a(lib_a-mlock.o)
                0x00003e00                __malloc_lock
 .text.__malloc_unlock
                0x00003e0c        0xc c:/program files (x86)/gnu arm embedded toolchain/9 2020-q2-update/bin/../lib/gcc/arm-none-eabi/9.3.1/../../../../arm-none-eabi/lib/thumb/v7e-m+fp/hard\libg_nano.a(lib_a-mlock.o)
                0x00003e0c                __malloc_unlock
 .text._raise_r
                0x00003e18       0x50 c:/program files (x86)/gnu arm embedded toolchain/9 2020-q2-update/bin/../lib/gcc/arm-none-eabi/9.3.1/../../../../arm-none-eabi/lib/thumb/v7e-m+fp/hard\libg_nano.a(lib_a-signal.o)
                0x00003e18                _raise_r
 .text.raise    0x00003e68       0x10 c:/program files (x86)/gnu arm embedded toolchain/9 2020-q2-update/bin/../lib/gcc/arm-none-eabi/9.3.1/../../../../arm-none-eabi/lib/thumb/v7e-m+fp/hard\libg_nano.a(lib_a-signal.o)
                0x00003e68                raise
 .text._kill_r  0x00003e78       0x24 c:/program files (x86)/gnu arm embedded toolchain/9 2020-q2-update/bin/../lib/gcc/arm-none-eabi/9.3.1/../../../../arm-none-eabi/lib/thumb/v7e-m+fp/hard\libg_nano.a(lib_a-signalr.o)
                0x00003e78                _kill_r
 .text._getpid_r
                0x00003e9c        0x4 c:/program files (x86)/gnu arm embedded toolchain/9 2020-q2-update/bin/../lib/gcc/arm-none-eabi/9.3.1/../../../../arm-none-eabi/lib/thumb/v7e-m+fp/hard\libg_nano.a(lib_a-signalr.o)
                0x00003e9c                _getpid_r
 .text.__sread  0x00003ea0       0x22 c:/program files (x86)/gnu arm embedded toolchain/9 2020-q2-update/bin/../lib/gcc/arm-none-eabi/9.3.1/../../../../arm-none-eabi/lib/thumb/v7e-m+fp/hard\libg_nano.a(lib_a-stdio.o)
                0x00003ea0                __sread
 .text.__swrite
                0x00003ec2       0x38 c:/program files (x86)/gnu arm embedded toolchain/9 2020-q2-update/bin/../lib/gcc/arm-none-eabi/9.3.1/../../../../arm-none-eabi/lib/thumb/v7e-m+fp/hard\libg_nano.a(lib_a-stdio.o)
                0x00003ec2                __swrite
 .text.__sseek  0x00003efa       0x24 c:/program files (x86)/gnu arm embedded toolchain/9 2020-q2-update/bin/../lib/gcc/arm-none-eabi/9.3.1/../../../../arm-none-eabi/lib/thumb/v7e-m+fp/hard\libg_nano.a(lib_a-stdio.o)
                0x00003efa                __sseek
 .text.__sclose
                0x00003f1e        0x8 c:/program files (x86)/gnu arm embedded toolchain/9 2020-q2-update/bin/../lib/gcc/arm-none-eabi/9.3.1/../../../../arm-none-eabi/lib/thumb/v7e-m+fp/hard\libg_nano.a(lib_a-stdio.o)
                0x00003f1e                __sclose
 *fill*         0x00003f26        0x2 ff
 .text._write_r
                0x00003f28       0x24 c:/program files (x86)/gnu arm embedded toolchain/9 2020-q2-update/bin/../lib/gcc/arm-none-eabi/9.3.1/../../../../arm-none-eabi/lib/thumb/v7e-m+fp/hard\libg_nano.a(lib_a-writer.o)
                0x00003f28                _write_r
 .text._close_r
                0x00003f4c       0x20 c:/program files (x86)/gnu arm embedded toolchain/9 2020-q2-update/bin/../lib/gcc/arm-none-eabi/9.3.1/../../../../arm-none-eabi/lib/thumb/v7e-m+fp/hard\libg_nano.a(lib_a-closer.o)
                0x00003f4c                _close_r
 .text._fstat_r
                0x00003f6c       0x24 c:/program files (x86)/gnu arm embedded toolchain/9 2020-q2-update/bin/../lib/gcc/arm-none-eabi/9.3.1/../../../../arm-none-eabi/lib/thumb/v7e-m+fp/hard\libg_nano.a(lib_a-fstatr.o)
                0x00003f6c                _fstat_r
 .text._isatty_r
                0x00003f90       0x20 c:/program files (x86)/gnu arm embedded toolchain/9 2020-q2-update/bin/../lib/gcc/arm-none-eabi/9.3.1/../../../../arm-none-eabi/lib/thumb/v7e-m+fp/hard\libg_nano.a(lib_a-isattyr.o)
                0x00003f90                _isatty_r
 .text._lseek_r
                0x00003fb0       0x24 c:/program files (x86)/gnu arm embedded toolchain/9 2020-q2-update/bin/../lib/gcc/arm-none-eabi/9.3.1/../../../../arm-none-eabi/lib/thumb/v7e-m+fp/hard\libg_nano.a(lib_a-lseekr.o)
                0x00003fb0                _lseek_r
 .text._read_r  0x00003fd4       0x24 c:/program files (x86)/gnu arm embedded toolchain/9 2020-q2-update/bin/../lib/gcc/arm-none-eabi/9.3.1/../../../../arm-none-eabi/lib/thumb/v7e-m+fp/hard\libg_nano.a(lib_a-readr.o)
                0x00003fd4                _read_r
 .text.findslot
                0x00003ff8       0x34 c:/program files (x86)/gnu arm embedded toolchain/9 2020-q2-update/bin/../lib/gcc/arm-none-eabi/9.3.1/../../../../arm-none-eabi/lib/thumb/v7e-m+fp/hard\librdimon_nano.a(rdimon-syscalls.o)
 .text.checkerror
                0x0000402c       0x20 c:/program files (x86)/gnu arm embedded toolchain/9 2020-q2-update/bin/../lib/gcc/arm-none-eabi/9.3.1/../../../../arm-none-eabi/lib/thumb/v7e-m+fp/hard\librdimon_nano.a(rdimon-syscalls.o)
 .text.error    0x0000404c       0x1c c:/program files (x86)/gnu arm embedded toolchain/9 2020-q2-update/bin/../lib/gcc/arm-none-eabi/9.3.1/../../../../arm-none-eabi/lib/thumb/v7e-m+fp/hard\librdimon_nano.a(rdimon-syscalls.o)
 .text._swiread
                0x00004068       0x20 c:/program files (x86)/gnu arm embedded toolchain/9 2020-q2-update/bin/../lib/gcc/arm-none-eabi/9.3.1/../../../../arm-none-eabi/lib/thumb/v7e-m+fp/hard\librdimon_nano.a(rdimon-syscalls.o)
                0x00004068                _swiread
 .text._read    0x00004088       0x38 c:/program files (x86)/gnu arm embedded toolchain/9 2020-q2-update/bin/../lib/gcc/arm-none-eabi/9.3.1/../../../../arm-none-eabi/lib/thumb/v7e-m+fp/hard\librdimon_nano.a(rdimon-syscalls.o)
                0x00004088                _read
 .text._swilseek
                0x000040c0       0x78 c:/program files (x86)/gnu arm embedded toolchain/9 2020-q2-update/bin/../lib/gcc/arm-none-eabi/9.3.1/../../../../arm-none-eabi/lib/thumb/v7e-m+fp/hard\librdimon_nano.a(rdimon-syscalls.o)
                0x000040c0                _swilseek
 .text._lseek   0x00004138        0x4 c:/program files (x86)/gnu arm embedded toolchain/9 2020-q2-update/bin/../lib/gcc/arm-none-eabi/9.3.1/../../../../arm-none-eabi/lib/thumb/v7e-m+fp/hard\librdimon_nano.a(rdimon-syscalls.o)
                0x00004138                _lseek
 .text._swiwrite
                0x0000413c       0x20 c:/program files (x86)/gnu arm embedded toolchain/9 2020-q2-update/bin/../lib/gcc/arm-none-eabi/9.3.1/../../../../arm-none-eabi/lib/thumb/v7e-m+fp/hard\librdimon_nano.a(rdimon-syscalls.o)
                0x0000413c                _swiwrite
 .text._write   0x0000415c       0x48 c:/program files (x86)/gnu arm embedded toolchain/9 2020-q2-update/bin/../lib/gcc/arm-none-eabi/9.3.1/../../../../arm-none-eabi/lib/thumb/v7e-m+fp/hard\librdimon_nano.a(rdimon-syscalls.o)
                0x0000415c                _write
 .text._swiclose
                0x000041a4       0x1a c:/program files (x86)/gnu arm embedded toolchain/9 2020-q2-update/bin/../lib/gcc/arm-none-eabi/9.3.1/../../../../arm-none-eabi/lib/thumb/v7e-m+fp/hard\librdimon_nano.a(rdimon-syscalls.o)
                0x000041a4                _swiclose
 *fill*         0x000041be        0x2 ff
 .text._close   0x000041c0       0x4c c:/program files (x86)/gnu arm embedded toolchain/9 2020-q2-update/bin/../lib/gcc/arm-none-eabi/9.3.1/../../../../arm-none-eabi/lib/thumb/v7e-m+fp/hard\librdimon_nano.a(rdimon-syscalls.o)
                0x000041c0                _close
 .text._getpid  0x0000420c        0x4 c:/program files (x86)/gnu arm embedded toolchain/9 2020-q2-update/bin/../lib/gcc/arm-none-eabi/9.3.1/../../../../arm-none-eabi/lib/thumb/v7e-m+fp/hard\librdimon_nano.a(rdimon-syscalls.o)
                0x0000420c                _getpid
 .text._swistat
                0x00004210       0x42 c:/program files (x86)/gnu arm embedded toolchain/9 2020-q2-update/bin/../lib/gcc/arm-none-eabi/9.3.1/../../../../arm-none-eabi/lib/thumb/v7e-m+fp/hard\librdimon_nano.a(rdimon-syscalls.o)
                0x00004210                _swistat
 .text._fstat   0x00004252       0x1c c:/program files (x86)/gnu arm embedded toolchain/9 2020-q2-update/bin/../lib/gcc/arm-none-eabi/9.3.1/../../../../arm-none-eabi/lib/thumb/v7e-m+fp/hard\librdimon_nano.a(rdimon-syscalls.o)
                0x00004252                _fstat
 .text._stat    0x0000426e       0x3a c:/program files (x86)/gnu arm embedded toolchain/9 2020-q2-update/bin/../lib/gcc/arm-none-eabi/9.3.1/../../../../arm-none-eabi/lib/thumb/v7e-m+fp/hard\librdimon_nano.a(rdimon-syscalls.o)
                0x0000426e                _stat
 .text._swiopen
                0x000042a8       0xb4 c:/program files (x86)/gnu arm embedded toolchain/9 2020-q2-update/bin/../lib/gcc/arm-none-eabi/9.3.1/../../../../arm-none-eabi/lib/thumb/v7e-m+fp/hard\librdimon_nano.a(rdimon-syscalls.o)
                0x000042a8                _swiopen
 .text._get_semihosting_exts
                0x0000435c       0xb8 c:/program files (x86)/gnu arm embedded toolchain/9 2020-q2-update/bin/../lib/gcc/arm-none-eabi/9.3.1/../../../../arm-none-eabi/lib/thumb/v7e-m+fp/hard\librdimon_nano.a(rdimon-syscalls.o)
                0x0000435c                _get_semihosting_exts
 .text.initialise_semihosting_exts
                0x00004414       0x34 c:/program files (x86)/gnu arm embedded toolchain/9 2020-q2-update/bin/../lib/gcc/arm-none-eabi/9.3.1/../../../../arm-none-eabi/lib/thumb/v7e-m+fp/hard\librdimon_nano.a(rdimon-syscalls.o)
 .text._has_ext_exit_extended
                0x00004448       0x18 c:/program files (x86)/gnu arm embedded toolchain/9 2020-q2-update/bin/../lib/gcc/arm-none-eabi/9.3.1/../../../../arm-none-eabi/lib/thumb/v7e-m+fp/hard\librdimon_nano.a(rdimon-syscalls.o)
                0x00004448                _has_ext_exit_extended
 .text._has_ext_stdout_stderr
                0x00004460       0x18 c:/program files (x86)/gnu arm embedded toolchain/9 2020-q2-update/bin/../lib/gcc/arm-none-eabi/9.3.1/../../../../arm-none-eabi/lib/thumb/v7e-m+fp/hard\librdimon_nano.a(rdimon-syscalls.o)
                0x00004460                _has_ext_stdout_stderr
 .text.initialise_monitor_handles
                0x00004478       0xbc c:/program files (x86)/gnu arm embedded toolchain/9 2020-q2-update/bin/../lib/gcc/arm-none-eabi/9.3.1/../../../../arm-none-eabi/lib/thumb/v7e-m+fp/hard\librdimon_nano.a(rdimon-syscalls.o)
                0x00004478                initialise_monitor_handles
 .text._isatty  0x00004534       0x38 c:/program files (x86)/gnu arm embedded toolchain/9 2020-q2-update/bin/../lib/gcc/arm-none-eabi/9.3.1/../../../../arm-none-eabi/lib/thumb/v7e-m+fp/hard\librdimon_nano.a(rdimon-syscalls.o)
                0x00004534                _isatty
 .text._exit    0x0000456c       0x14 c:/program files (x86)/gnu arm embedded toolchain/9 2020-q2-update/bin/../lib/gcc/arm-none-eabi/9.3.1/../../../../arm-none-eabi/lib/thumb/v7e-m+fp/hard\librdimon_nano.a(rdimon-_exit.o)
                0x0000456c                _exit
 .text._kill_shared
                0x00004580       0x26 c:/program files (x86)/gnu arm embedded toolchain/9 2020-q2-update/bin/../lib/gcc/arm-none-eabi/9.3.1/../../../../arm-none-eabi/lib/thumb/v7e-m+fp/hard\librdimon_nano.a(rdimon-_kill.o)
                0x00004580                _kill_shared
 *fill*         0x000045a6        0x2 ff
 .text._kill    0x000045a8       0x18 c:/program files (x86)/gnu arm embedded toolchain/9 2020-q2-update/bin/../lib/gcc/arm-none-eabi/9.3.1/../../../../arm-none-eabi/lib/thumb/v7e-m+fp/hard\librdimon_nano.a(rdimon-_kill.o)
                0x000045a8                _kill
 .text          0x000045c0       0x10 c:/program files (x86)/gnu arm embedded toolchain/9 2020-q2-update/bin/../lib/gcc/arm-none-eabi/9.3.1/../../../../arm-none-eabi/lib/thumb/v7e-m+fp/hard\libc_nano.a(lib_a-strlen.o)
                0x000045c0                strlen
 *(.version)
 .version       0x000045d0       0x7c ./synergy/ssp/src/bsp/mcu/all/bsp_common.o
 *(.init)
 .init          0x0000464c        0x4 c:/program files (x86)/gnu arm embedded toolchain/9 2020-q2-update/bin/../lib/gcc/arm-none-eabi/9.3.1/thumb/v7e-m+fp/hard/crti.o
                0x0000464c                _init
 .init          0x00004650        0x8 c:/program files (x86)/gnu arm embedded toolchain/9 2020-q2-update/bin/../lib/gcc/arm-none-eabi/9.3.1/thumb/v7e-m+fp/hard/crtn.o
 *(.fini)
 .fini          0x00004658        0x4 c:/program files (x86)/gnu arm embedded toolchain/9 2020-q2-update/bin/../lib/gcc/arm-none-eabi/9.3.1/thumb/v7e-m+fp/hard/crti.o
                0x00004658                _fini
 .fini          0x0000465c        0x8 c:/program files (x86)/gnu arm embedded toolchain/9 2020-q2-update/bin/../lib/gcc/arm-none-eabi/9.3.1/thumb/v7e-m+fp/hard/crtn.o
 *crtbegin.o(.ctors)
 *crtbegin?.o(.ctors)
 *(EXCLUDE_FILE(*crtend.o *crtend?.o) .ctors)
 *(SORT_BY_NAME(.ctors.*))
 *(.ctors)
 *crtbegin.o(.dtors)
 *crtbegin?.o(.dtors)
 *(EXCLUDE_FILE(*crtend.o *crtend?.o) .dtors)
 *(SORT_BY_NAME(.dtors.*))
 *(.dtors)
 *(.rodata*)
 .rodata.g_ioport_on_ioport
                0x00004664       0x3c ./synergy/ssp/src/driver/r_ioport/r_ioport.o
                0x00004664                g_ioport_on_ioport
 .rodata.g_elc_on_elc
                0x000046a0       0x1c ./synergy/ssp/src/driver/r_elc/r_elc.o
                0x000046a0                g_elc_on_elc
 .rodata.s_elc_version
                0x000046bc        0x4 ./synergy/ssp/src/driver/r_elc/r_elc.o
 .rodata.g_cgc_on_cgc
                0x000046c0       0x6c ./synergy/ssp/src/driver/r_cgc/r_cgc.o
                0x000046c0                g_cgc_on_cgc
 .rodata.g_cgc_version
                0x0000472c        0x4 ./synergy/ssp/src/driver/r_cgc/r_cgc.o
 .rodata.g_pllccr2_div_setting
                0x00004730        0x8 ./synergy/ssp/src/driver/r_cgc/r_cgc.o
 .rodata.g_pllccr2_div_value
                0x00004738        0x6 ./synergy/ssp/src/driver/r_cgc/r_cgc.o
 *fill*         0x0000473e        0x2 ff
 .rodata.g_pllccr_div_setting
                0x00004740        0x6 ./synergy/ssp/src/driver/r_cgc/r_cgc.o
 *fill*         0x00004746        0x2 ff
 .rodata.g_pllccr_div_value
                0x00004748        0x6 ./synergy/ssp/src/driver/r_cgc/r_cgc.o
 *fill*         0x0000474e        0x2 ff
 .rodata.g_cgc_feature
                0x00004750       0x2c ./synergy/ssp/src/bsp/mcu/s7g2/bsp_feature.o
 .rodata.g_bsp_module_stop
                0x0000477c       0x46 ./synergy/ssp/src/bsp/mcu/s7g2/bsp_module_stop.o
 *fill*         0x000047c2        0x2 ff
 .rodata.gp_mstp
                0x000047c4       0x10 ./synergy/ssp/src/bsp/mcu/s7g2/bsp_module_stop.o
 .rodata.gp_vector_information
                0x000047d4        0x4 ./synergy/ssp/src/bsp/mcu/all/bsp_irq.o
                0x000047d4                gp_vector_information
 .rodata.g_prcr_masks
                0x000047d8        0x6 ./synergy/ssp/src/bsp/mcu/all/bsp_register_protection.o
 *fill*         0x000047de        0x2 ff
 .rodata.g_elc_cfg
                0x000047e0        0xc ./synergy/ssp/src/bsp/cmsis/Device/RENESAS/S7G2/Source/system_S7G2.o
 .rodata.g_bsp_leds
                0x000047ec        0x8 ./synergy/board/s7g2_sk/bsp_leds.o
                0x000047ec                g_bsp_leds
 .rodata.g_bsp_prv_leds
                0x000047f4        0x6 ./synergy/board/s7g2_sk/bsp_leds.o
 *fill*         0x000047fa        0x2 ff
 .rodata.g_ioport
                0x000047fc        0x8 ./src/synergy_gen/common_data.o
                0x000047fc                g_ioport
 .rodata.g_bsp_pin_cfg
                0x00004804        0x8 ./src/synergy_gen/pin_data.o
                0x00004804                g_bsp_pin_cfg
 .rodata.g_bsp_pin_cfg_data
                0x0000480c      0x370 ./src/synergy_gen/pin_data.o
                0x0000480c                g_bsp_pin_cfg_data
 .rodata.bit_count
                0x00004b7c       0x80 C:\Users\PICHAU\e2_studio\workspace\Blinkycpp\synergy\ssp\src\driver\r_fmi\libs\libfmi_cm4_s7g2_gcc.a(r_fmi.o)
 .rodata.bit_count_mask
                0x00004bfc        0x8 C:\Users\PICHAU\e2_studio\workspace\Blinkycpp\synergy\ssp\src\driver\r_fmi\libs\libfmi_cm4_s7g2_gcc.a(r_fmi.o)
 .rodata.g_fmi_on_fmi
                0x00004c04       0x18 C:\Users\PICHAU\e2_studio\workspace\Blinkycpp\synergy\ssp\src\driver\r_fmi\libs\libfmi_cm4_s7g2_gcc.a(r_fmi.o)
                0x00004c04                g_fmi_on_fmi
 .rodata.g_fmi_version
                0x00004c1c        0x4 C:\Users\PICHAU\e2_studio\workspace\Blinkycpp\synergy\ssp\src\driver\r_fmi\libs\libfmi_cm4_s7g2_gcc.a(r_fmi.o)
 .rodata.g_fmi_data
                0x00004c20      0x400 C:\Users\PICHAU\e2_studio\workspace\Blinkycpp\synergy\ssp\src\bsp\mcu\s7g2\libfmi_R7FS7G27H3A01CFC_gcc.a(bsp_fmi_R7FS7G27H3A01CFC.o)
                0x00004c20                g_fmi_data
 .rodata._global_impure_ptr
                0x00005020        0x4 c:/program files (x86)/gnu arm embedded toolchain/9 2020-q2-update/bin/../lib/gcc/arm-none-eabi/9.3.1/../../../../arm-none-eabi/lib/thumb/v7e-m+fp/hard\libg_nano.a(lib_a-impure.o)
                0x00005020                _global_impure_ptr
 .rodata.srand.str1.1
                0x00005024       0x93 c:/program files (x86)/gnu arm embedded toolchain/9 2020-q2-update/bin/../lib/gcc/arm-none-eabi/9.3.1/../../../../arm-none-eabi/lib/thumb/v7e-m+fp/hard\libg_nano.a(lib_a-rand.o)
 .rodata.__assert_func.str1.1
                0x000050b7       0x3c c:/program files (x86)/gnu arm embedded toolchain/9 2020-q2-update/bin/../lib/gcc/arm-none-eabi/9.3.1/../../../../arm-none-eabi/lib/thumb/v7e-m+fp/hard\libg_nano.a(lib_a-assert.o)
                                 0x3d (size before relaxing)
 .rodata._vfprintf_r.str1.1
                0x000050f3       0x11 c:/program files (x86)/gnu arm embedded toolchain/9 2020-q2-update/bin/../lib/gcc/arm-none-eabi/9.3.1/../../../../arm-none-eabi/lib/thumb/v7e-m+fp/hard\libg_nano.a(lib_a-nano-vfprintf.o)
 .rodata._printf_i.str1.1
                0x00005104       0x22 c:/program files (x86)/gnu arm embedded toolchain/9 2020-q2-update/bin/../lib/gcc/arm-none-eabi/9.3.1/../../../../arm-none-eabi/lib/thumb/v7e-m+fp/hard\libg_nano.a(lib_a-nano-vfprintf_i.o)
 *fill*         0x00005126        0x2 ff
 .rodata.__sf_fake_stderr
                0x00005128       0x20 c:/program files (x86)/gnu arm embedded toolchain/9 2020-q2-update/bin/../lib/gcc/arm-none-eabi/9.3.1/../../../../arm-none-eabi/lib/thumb/v7e-m+fp/hard\libg_nano.a(lib_a-findfp.o)
                0x00005128                __sf_fake_stderr
 .rodata.__sf_fake_stdin
                0x00005148       0x20 c:/program files (x86)/gnu arm embedded toolchain/9 2020-q2-update/bin/../lib/gcc/arm-none-eabi/9.3.1/../../../../arm-none-eabi/lib/thumb/v7e-m+fp/hard\libg_nano.a(lib_a-findfp.o)
                0x00005148                __sf_fake_stdin
 .rodata.__sf_fake_stdout
                0x00005168       0x20 c:/program files (x86)/gnu arm embedded toolchain/9 2020-q2-update/bin/../lib/gcc/arm-none-eabi/9.3.1/../../../../arm-none-eabi/lib/thumb/v7e-m+fp/hard\libg_nano.a(lib_a-findfp.o)
                0x00005168                __sf_fake_stdout
 .rodata._get_semihosting_exts.str1.1
                0x00005188       0x16 c:/program files (x86)/gnu arm embedded toolchain/9 2020-q2-update/bin/../lib/gcc/arm-none-eabi/9.3.1/../../../../arm-none-eabi/lib/thumb/v7e-m+fp/hard\librdimon_nano.a(rdimon-syscalls.o)
 .rodata.initialise_monitor_handles.str1.1
                0x0000519e        0x4 c:/program files (x86)/gnu arm embedded toolchain/9 2020-q2-update/bin/../lib/gcc/arm-none-eabi/9.3.1/../../../../arm-none-eabi/lib/thumb/v7e-m+fp/hard\librdimon_nano.a(rdimon-syscalls.o)
                0x000051a2                __usb_dev_descriptor_start_fs = .
 *(.usb_device_desc_fs*)
                0x000051a2                __usb_cfg_descriptor_start_fs = .
 *(.usb_config_desc_fs*)
                0x000051a2                __usb_interface_descriptor_start_fs = .
 *(.usb_interface_desc_fs*)
                0x000051a2                __usb_descriptor_end_fs = .
                0x000051a2                __usb_dev_descriptor_start_hs = .
 *(.usb_device_desc_hs*)
                0x000051a2                __usb_cfg_descriptor_start_hs = .
 *(.usb_config_desc_hs*)
                0x000051a2                __usb_interface_descriptor_start_hs = .
 *(.usb_interface_desc_hs*)
                0x000051a2                __usb_descriptor_end_hs = .
 *(.eh_frame*)
 *fill*         0x000051a2        0x2 ff
 .eh_frame      0x000051a4        0x0 c:/program files (x86)/gnu arm embedded toolchain/9 2020-q2-update/bin/../lib/gcc/arm-none-eabi/9.3.1/thumb/v7e-m+fp/hard/crtbegin.o
 .eh_frame      0x000051a4        0x4 c:/program files (x86)/gnu arm embedded toolchain/9 2020-q2-update/bin/../lib/gcc/arm-none-eabi/9.3.1/thumb/v7e-m+fp/hard/crtend.o
                0x000051a8                __ROM_End = .
                0x00000040                __Vectors_Size = (__Vectors_End - __Vectors)
                0x00000000                __Vector_Info_Size = (__Vector_Info_End - __Vector_Info_Start)
                0x000001b0                __Lock_Lookup_Size = (__Lock_Lookup_End - __Lock_Lookup_Start)

.glue_7         0x000051a8        0x0
 .glue_7        0x000051a8        0x0 linker stubs

.glue_7t        0x000051a8        0x0
 .glue_7t       0x000051a8        0x0 linker stubs

.vfp11_veneer   0x000051a8        0x0
 .vfp11_veneer  0x000051a8        0x0 linker stubs

.v4_bx          0x000051a8        0x0
 .v4_bx         0x000051a8        0x0 linker stubs

.iplt           0x000051a8        0x0
 .iplt          0x000051a8        0x0 c:/program files (x86)/gnu arm embedded toolchain/9 2020-q2-update/bin/../lib/gcc/arm-none-eabi/9.3.1/thumb/v7e-m+fp/hard/crtbegin.o

.ARM.extab
 *(.ARM.extab* .gnu.linkonce.armextab.*)
                0x000051a8                __exidx_start = .

.ARM.exidx
 *(.ARM.exidx* .gnu.linkonce.armexidx.*)
                0x000051a8                __exidx_end = .
                0x000051a8                __etext = .

.ssp_dtc_vector_table
                0x1ffe0000        0x0
                0x1ffe0000                . = ORIGIN (RAM)
 *(.ssp_dtc_vector_table)

.data           0x1ffe0000       0xe0 load address 0x000051a8
                0x1ffe0000                __data_start__ = .
 *(vtable)
 *(.data*)
 .data._impure_ptr
                0x1ffe0000        0x4 c:/program files (x86)/gnu arm embedded toolchain/9 2020-q2-update/bin/../lib/gcc/arm-none-eabi/9.3.1/../../../../arm-none-eabi/lib/thumb/v7e-m+fp/hard\libg_nano.a(lib_a-impure.o)
                0x1ffe0000                _impure_ptr
 .data.impure_data
                0x1ffe0004       0x60 c:/program files (x86)/gnu arm embedded toolchain/9 2020-q2-update/bin/../lib/gcc/arm-none-eabi/9.3.1/../../../../arm-none-eabi/lib/thumb/v7e-m+fp/hard\libg_nano.a(lib_a-impure.o)
 .data.supports_ext_exit_extended
                0x1ffe0064        0x4 c:/program files (x86)/gnu arm embedded toolchain/9 2020-q2-update/bin/../lib/gcc/arm-none-eabi/9.3.1/../../../../arm-none-eabi/lib/thumb/v7e-m+fp/hard\librdimon_nano.a(rdimon-syscalls.o)
 .data.supports_ext_stdout_stderr
                0x1ffe0068        0x4 c:/program files (x86)/gnu arm embedded toolchain/9 2020-q2-update/bin/../lib/gcc/arm-none-eabi/9.3.1/../../../../arm-none-eabi/lib/thumb/v7e-m+fp/hard\librdimon_nano.a(rdimon-syscalls.o)
                0x1ffe006c                . = ALIGN (0x4)
                0x1ffe006c                PROVIDE (__preinit_array_start = .)
 *(.preinit_array)
                0x1ffe006c                PROVIDE (__preinit_array_end = .)
                0x1ffe006c                . = ALIGN (0x4)
                0x1ffe006c                PROVIDE (__init_array_start = .)
 *(SORT_BY_NAME(.init_array.*))
 *(.init_array)
 .init_array    0x1ffe006c        0x4 c:/program files (x86)/gnu arm embedded toolchain/9 2020-q2-update/bin/../lib/gcc/arm-none-eabi/9.3.1/thumb/v7e-m+fp/hard/crtbegin.o
                0x1ffe0070                PROVIDE (__init_array_end = .)
                0x1ffe0070                . = ALIGN (0x4)
                [!provide]                PROVIDE (__fini_array_start = .)
 *(SORT_BY_NAME(.fini_array.*))
 *(.fini_array)
 .fini_array    0x1ffe0070        0x4 c:/program files (x86)/gnu arm embedded toolchain/9 2020-q2-update/bin/../lib/gcc/arm-none-eabi/9.3.1/thumb/v7e-m+fp/hard/crtbegin.o
                [!provide]                PROVIDE (__fini_array_end = .)
 *(.jcr*)
                0x1ffe0074                . = ALIGN (0x4)
                0x1ffe0074                __Code_In_RAM_Start = .
 *(.code_in_ram*)
                0x1ffe0074                __Code_In_RAM_End = .
                0x1ffe0074                __Lock_Start = .
 *(SORT_BY_NAME(.hw_lock*))
 .hw_lock.ADC_0U_0U
                0x1ffe0074        0x1 ./synergy/ssp/src/bsp/mcu/s7g2/bsp_hw_locks.o
                0x1ffe0074                g_hw_lock_ADC_0U_0U
 .hw_lock.ADC_0U_1U
                0x1ffe0075        0x1 ./synergy/ssp/src/bsp/mcu/s7g2/bsp_hw_locks.o
                0x1ffe0075                g_hw_lock_ADC_0U_1U
 .hw_lock.AGT_0U_0U
                0x1ffe0076        0x1 ./synergy/ssp/src/bsp/mcu/s7g2/bsp_hw_locks.o
                0x1ffe0076                g_hw_lock_AGT_0U_0U
 .hw_lock.AGT_0U_1U
                0x1ffe0077        0x1 ./synergy/ssp/src/bsp/mcu/s7g2/bsp_hw_locks.o
                0x1ffe0077                g_hw_lock_AGT_0U_1U
 .hw_lock.BSC_0U_1U
                0x1ffe0078        0x1 ./synergy/ssp/src/bsp/mcu/s7g2/bsp_hw_locks.o
                0x1ffe0078                g_hw_lock_BSC_0U_1U
 .hw_lock.CAC_0U_0U
                0x1ffe0079        0x1 ./synergy/ssp/src/bsp/mcu/s7g2/bsp_hw_locks.o
                0x1ffe0079                g_hw_lock_CAC_0U_0U
 .hw_lock.CAN_0U_0U
                0x1ffe007a        0x1 ./synergy/ssp/src/bsp/mcu/s7g2/bsp_hw_locks.o
                0x1ffe007a                g_hw_lock_CAN_0U_0U
 .hw_lock.CAN_0U_1U
                0x1ffe007b        0x1 ./synergy/ssp/src/bsp/mcu/s7g2/bsp_hw_locks.o
                0x1ffe007b                g_hw_lock_CAN_0U_1U
 .hw_lock.COMP_HS_0U_0U
                0x1ffe007c        0x1 ./synergy/ssp/src/bsp/mcu/s7g2/bsp_hw_locks.o
                0x1ffe007c                g_hw_lock_COMP_HS_0U_0U
 .hw_lock.COMP_HS_0U_1U
                0x1ffe007d        0x1 ./synergy/ssp/src/bsp/mcu/s7g2/bsp_hw_locks.o
                0x1ffe007d                g_hw_lock_COMP_HS_0U_1U
 .hw_lock.COMP_HS_0U_2U
                0x1ffe007e        0x1 ./synergy/ssp/src/bsp/mcu/s7g2/bsp_hw_locks.o
                0x1ffe007e                g_hw_lock_COMP_HS_0U_2U
 .hw_lock.COMP_HS_0U_3U
                0x1ffe007f        0x1 ./synergy/ssp/src/bsp/mcu/s7g2/bsp_hw_locks.o
                0x1ffe007f                g_hw_lock_COMP_HS_0U_3U
 .hw_lock.COMP_HS_0U_4U
                0x1ffe0080        0x1 ./synergy/ssp/src/bsp/mcu/s7g2/bsp_hw_locks.o
                0x1ffe0080                g_hw_lock_COMP_HS_0U_4U
 .hw_lock.COMP_HS_0U_5U
                0x1ffe0081        0x1 ./synergy/ssp/src/bsp/mcu/s7g2/bsp_hw_locks.o
                0x1ffe0081                g_hw_lock_COMP_HS_0U_5U
 .hw_lock.CRC_0U_0U
                0x1ffe0082        0x1 ./synergy/ssp/src/bsp/mcu/s7g2/bsp_hw_locks.o
                0x1ffe0082                g_hw_lock_CRC_0U_0U
 .hw_lock.CTSU_0U_0U
                0x1ffe0083        0x1 ./synergy/ssp/src/bsp/mcu/s7g2/bsp_hw_locks.o
                0x1ffe0083                g_hw_lock_CTSU_0U_0U
 .hw_lock.DAAD_0U_0U
                0x1ffe0084        0x1 ./synergy/ssp/src/bsp/mcu/s7g2/bsp_hw_locks.o
                0x1ffe0084                g_hw_lock_DAAD_0U_0U
 .hw_lock.DAC_0U_0U
                0x1ffe0085        0x1 ./synergy/ssp/src/bsp/mcu/s7g2/bsp_hw_locks.o
                0x1ffe0085                g_hw_lock_DAC_0U_0U
 .hw_lock.DAC_0U_1U
                0x1ffe0086        0x1 ./synergy/ssp/src/bsp/mcu/s7g2/bsp_hw_locks.o
                0x1ffe0086                g_hw_lock_DAC_0U_1U
 .hw_lock.DMAC_0U_0U
                0x1ffe0087        0x1 ./synergy/ssp/src/bsp/mcu/s7g2/bsp_hw_locks.o
                0x1ffe0087                g_hw_lock_DMAC_0U_0U
 .hw_lock.DMAC_0U_1U
                0x1ffe0088        0x1 ./synergy/ssp/src/bsp/mcu/s7g2/bsp_hw_locks.o
                0x1ffe0088                g_hw_lock_DMAC_0U_1U
 .hw_lock.DMAC_0U_2U
                0x1ffe0089        0x1 ./synergy/ssp/src/bsp/mcu/s7g2/bsp_hw_locks.o
                0x1ffe0089                g_hw_lock_DMAC_0U_2U
 .hw_lock.DMAC_0U_3U
                0x1ffe008a        0x1 ./synergy/ssp/src/bsp/mcu/s7g2/bsp_hw_locks.o
                0x1ffe008a                g_hw_lock_DMAC_0U_3U
 .hw_lock.DMAC_0U_4U
                0x1ffe008b        0x1 ./synergy/ssp/src/bsp/mcu/s7g2/bsp_hw_locks.o
                0x1ffe008b                g_hw_lock_DMAC_0U_4U
 .hw_lock.DMAC_0U_5U
                0x1ffe008c        0x1 ./synergy/ssp/src/bsp/mcu/s7g2/bsp_hw_locks.o
                0x1ffe008c                g_hw_lock_DMAC_0U_5U
 .hw_lock.DMAC_0U_6U
                0x1ffe008d        0x1 ./synergy/ssp/src/bsp/mcu/s7g2/bsp_hw_locks.o
                0x1ffe008d                g_hw_lock_DMAC_0U_6U
 .hw_lock.DMAC_0U_7U
                0x1ffe008e        0x1 ./synergy/ssp/src/bsp/mcu/s7g2/bsp_hw_locks.o
                0x1ffe008e                g_hw_lock_DMAC_0U_7U
 .hw_lock.DOC_0U_0U
                0x1ffe008f        0x1 ./synergy/ssp/src/bsp/mcu/s7g2/bsp_hw_locks.o
                0x1ffe008f                g_hw_lock_DOC_0U_0U
 .hw_lock.DRW_0U_0U
                0x1ffe0090        0x1 ./synergy/ssp/src/bsp/mcu/s7g2/bsp_hw_locks.o
                0x1ffe0090                g_hw_lock_DRW_0U_0U
 .hw_lock.DTC_0U_0U
                0x1ffe0091        0x1 ./synergy/ssp/src/bsp/mcu/s7g2/bsp_hw_locks.o
                0x1ffe0091                g_hw_lock_DTC_0U_0U
 .hw_lock.ELC_0U_0U
                0x1ffe0092        0x1 ./synergy/ssp/src/bsp/mcu/s7g2/bsp_hw_locks.o
                0x1ffe0092                g_hw_lock_ELC_0U_0U
 .hw_lock.EPTPC_0U_0U
                0x1ffe0093        0x1 ./synergy/ssp/src/bsp/mcu/s7g2/bsp_hw_locks.o
                0x1ffe0093                g_hw_lock_EPTPC_0U_0U
 .hw_lock.ETHER_0U_0U
                0x1ffe0094        0x1 ./synergy/ssp/src/bsp/mcu/s7g2/bsp_hw_locks.o
                0x1ffe0094                g_hw_lock_ETHER_0U_0U
 .hw_lock.ETHER_0U_1U
                0x1ffe0095        0x1 ./synergy/ssp/src/bsp/mcu/s7g2/bsp_hw_locks.o
                0x1ffe0095                g_hw_lock_ETHER_0U_1U
 .hw_lock.FCU_0U_0U
                0x1ffe0096        0x1 ./synergy/ssp/src/bsp/mcu/s7g2/bsp_hw_locks.o
                0x1ffe0096                g_hw_lock_FCU_0U_0U
 .hw_lock.GLCDC_0U_0U
                0x1ffe0097        0x1 ./synergy/ssp/src/bsp/mcu/s7g2/bsp_hw_locks.o
                0x1ffe0097                g_hw_lock_GLCDC_0U_0U
 .hw_lock.GPT_0U_0U
                0x1ffe0098        0x1 ./synergy/ssp/src/bsp/mcu/s7g2/bsp_hw_locks.o
                0x1ffe0098                g_hw_lock_GPT_0U_0U
 .hw_lock.GPT_0U_10U
                0x1ffe0099        0x1 ./synergy/ssp/src/bsp/mcu/s7g2/bsp_hw_locks.o
                0x1ffe0099                g_hw_lock_GPT_0U_10U
 .hw_lock.GPT_0U_11U
                0x1ffe009a        0x1 ./synergy/ssp/src/bsp/mcu/s7g2/bsp_hw_locks.o
                0x1ffe009a                g_hw_lock_GPT_0U_11U
 .hw_lock.GPT_0U_12U
                0x1ffe009b        0x1 ./synergy/ssp/src/bsp/mcu/s7g2/bsp_hw_locks.o
                0x1ffe009b                g_hw_lock_GPT_0U_12U
 .hw_lock.GPT_0U_13U
                0x1ffe009c        0x1 ./synergy/ssp/src/bsp/mcu/s7g2/bsp_hw_locks.o
                0x1ffe009c                g_hw_lock_GPT_0U_13U
 .hw_lock.GPT_0U_1U
                0x1ffe009d        0x1 ./synergy/ssp/src/bsp/mcu/s7g2/bsp_hw_locks.o
                0x1ffe009d                g_hw_lock_GPT_0U_1U
 .hw_lock.GPT_0U_2U
                0x1ffe009e        0x1 ./synergy/ssp/src/bsp/mcu/s7g2/bsp_hw_locks.o
                0x1ffe009e                g_hw_lock_GPT_0U_2U
 .hw_lock.GPT_0U_3U
                0x1ffe009f        0x1 ./synergy/ssp/src/bsp/mcu/s7g2/bsp_hw_locks.o
                0x1ffe009f                g_hw_lock_GPT_0U_3U
 .hw_lock.GPT_0U_4U
                0x1ffe00a0        0x1 ./synergy/ssp/src/bsp/mcu/s7g2/bsp_hw_locks.o
                0x1ffe00a0                g_hw_lock_GPT_0U_4U
 .hw_lock.GPT_0U_5U
                0x1ffe00a1        0x1 ./synergy/ssp/src/bsp/mcu/s7g2/bsp_hw_locks.o
                0x1ffe00a1                g_hw_lock_GPT_0U_5U
 .hw_lock.GPT_0U_6U
                0x1ffe00a2        0x1 ./synergy/ssp/src/bsp/mcu/s7g2/bsp_hw_locks.o
                0x1ffe00a2                g_hw_lock_GPT_0U_6U
 .hw_lock.GPT_0U_7U
                0x1ffe00a3        0x1 ./synergy/ssp/src/bsp/mcu/s7g2/bsp_hw_locks.o
                0x1ffe00a3                g_hw_lock_GPT_0U_7U
 .hw_lock.GPT_0U_8U
                0x1ffe00a4        0x1 ./synergy/ssp/src/bsp/mcu/s7g2/bsp_hw_locks.o
                0x1ffe00a4                g_hw_lock_GPT_0U_8U
 .hw_lock.GPT_0U_9U
                0x1ffe00a5        0x1 ./synergy/ssp/src/bsp/mcu/s7g2/bsp_hw_locks.o
                0x1ffe00a5                g_hw_lock_GPT_0U_9U
 .hw_lock.ICU_0U_0U
                0x1ffe00a6        0x1 ./synergy/ssp/src/bsp/mcu/s7g2/bsp_hw_locks.o
                0x1ffe00a6                g_hw_lock_ICU_0U_0U
 .hw_lock.ICU_0U_10U
                0x1ffe00a7        0x1 ./synergy/ssp/src/bsp/mcu/s7g2/bsp_hw_locks.o
                0x1ffe00a7                g_hw_lock_ICU_0U_10U
 .hw_lock.ICU_0U_11U
                0x1ffe00a8        0x1 ./synergy/ssp/src/bsp/mcu/s7g2/bsp_hw_locks.o
                0x1ffe00a8                g_hw_lock_ICU_0U_11U
 .hw_lock.ICU_0U_12U
                0x1ffe00a9        0x1 ./synergy/ssp/src/bsp/mcu/s7g2/bsp_hw_locks.o
                0x1ffe00a9                g_hw_lock_ICU_0U_12U
 .hw_lock.ICU_0U_13U
                0x1ffe00aa        0x1 ./synergy/ssp/src/bsp/mcu/s7g2/bsp_hw_locks.o
                0x1ffe00aa                g_hw_lock_ICU_0U_13U
 .hw_lock.ICU_0U_14U
                0x1ffe00ab        0x1 ./synergy/ssp/src/bsp/mcu/s7g2/bsp_hw_locks.o
                0x1ffe00ab                g_hw_lock_ICU_0U_14U
 .hw_lock.ICU_0U_15U
                0x1ffe00ac        0x1 ./synergy/ssp/src/bsp/mcu/s7g2/bsp_hw_locks.o
                0x1ffe00ac                g_hw_lock_ICU_0U_15U
 .hw_lock.ICU_0U_1U
                0x1ffe00ad        0x1 ./synergy/ssp/src/bsp/mcu/s7g2/bsp_hw_locks.o
                0x1ffe00ad                g_hw_lock_ICU_0U_1U
 .hw_lock.ICU_0U_2U
                0x1ffe00ae        0x1 ./synergy/ssp/src/bsp/mcu/s7g2/bsp_hw_locks.o
                0x1ffe00ae                g_hw_lock_ICU_0U_2U
 .hw_lock.ICU_0U_3U
                0x1ffe00af        0x1 ./synergy/ssp/src/bsp/mcu/s7g2/bsp_hw_locks.o
                0x1ffe00af                g_hw_lock_ICU_0U_3U
 .hw_lock.ICU_0U_4U
                0x1ffe00b0        0x1 ./synergy/ssp/src/bsp/mcu/s7g2/bsp_hw_locks.o
                0x1ffe00b0                g_hw_lock_ICU_0U_4U
 .hw_lock.ICU_0U_5U
                0x1ffe00b1        0x1 ./synergy/ssp/src/bsp/mcu/s7g2/bsp_hw_locks.o
                0x1ffe00b1                g_hw_lock_ICU_0U_5U
 .hw_lock.ICU_0U_6U
                0x1ffe00b2        0x1 ./synergy/ssp/src/bsp/mcu/s7g2/bsp_hw_locks.o
                0x1ffe00b2                g_hw_lock_ICU_0U_6U
 .hw_lock.ICU_0U_7U
                0x1ffe00b3        0x1 ./synergy/ssp/src/bsp/mcu/s7g2/bsp_hw_locks.o
                0x1ffe00b3                g_hw_lock_ICU_0U_7U
 .hw_lock.ICU_0U_8U
                0x1ffe00b4        0x1 ./synergy/ssp/src/bsp/mcu/s7g2/bsp_hw_locks.o
                0x1ffe00b4                g_hw_lock_ICU_0U_8U
 .hw_lock.ICU_0U_9U
                0x1ffe00b5        0x1 ./synergy/ssp/src/bsp/mcu/s7g2/bsp_hw_locks.o
                0x1ffe00b5                g_hw_lock_ICU_0U_9U
 .hw_lock.IIC_0U_0U
                0x1ffe00b6        0x1 ./synergy/ssp/src/bsp/mcu/s7g2/bsp_hw_locks.o
                0x1ffe00b6                g_hw_lock_IIC_0U_0U
 .hw_lock.IIC_0U_1U
                0x1ffe00b7        0x1 ./synergy/ssp/src/bsp/mcu/s7g2/bsp_hw_locks.o
                0x1ffe00b7                g_hw_lock_IIC_0U_1U
 .hw_lock.IIC_0U_2U
                0x1ffe00b8        0x1 ./synergy/ssp/src/bsp/mcu/s7g2/bsp_hw_locks.o
                0x1ffe00b8                g_hw_lock_IIC_0U_2U
 .hw_lock.IRDA_0U_0U
                0x1ffe00b9        0x1 ./synergy/ssp/src/bsp/mcu/s7g2/bsp_hw_locks.o
                0x1ffe00b9                g_hw_lock_IRDA_0U_0U
 .hw_lock.IWDT_0U_0U
                0x1ffe00ba        0x1 ./synergy/ssp/src/bsp/mcu/s7g2/bsp_hw_locks.o
                0x1ffe00ba                g_hw_lock_IWDT_0U_0U
 .hw_lock.JPEG_0U_0U
                0x1ffe00bb        0x1 ./synergy/ssp/src/bsp/mcu/s7g2/bsp_hw_locks.o
                0x1ffe00bb                g_hw_lock_JPEG_0U_0U
 .hw_lock.KEY_0U_0U
                0x1ffe00bc        0x1 ./synergy/ssp/src/bsp/mcu/s7g2/bsp_hw_locks.o
                0x1ffe00bc                g_hw_lock_KEY_0U_0U
 .hw_lock.LPM_1U_0U
                0x1ffe00bd        0x1 ./synergy/ssp/src/bsp/mcu/s7g2/bsp_hw_locks.o
                0x1ffe00bd                g_hw_lock_LPM_1U_0U
 .hw_lock.LVD_0U_0U
                0x1ffe00be        0x1 ./synergy/ssp/src/bsp/mcu/s7g2/bsp_hw_locks.o
                0x1ffe00be                g_hw_lock_LVD_0U_0U
 .hw_lock.LVD_0U_1U
                0x1ffe00bf        0x1 ./synergy/ssp/src/bsp/mcu/s7g2/bsp_hw_locks.o
                0x1ffe00bf                g_hw_lock_LVD_0U_1U
 .hw_lock.MMF_0U_0U
                0x1ffe00c0        0x1 ./synergy/ssp/src/bsp/mcu/s7g2/bsp_hw_locks.o
                0x1ffe00c0                g_hw_lock_MMF_0U_0U
 .hw_lock.MPU_0U_0U
                0x1ffe00c1        0x1 ./synergy/ssp/src/bsp/mcu/s7g2/bsp_hw_locks.o
                0x1ffe00c1                g_hw_lock_MPU_0U_0U
 .hw_lock.OPS_0U_0U
                0x1ffe00c2        0x1 ./synergy/ssp/src/bsp/mcu/s7g2/bsp_hw_locks.o
                0x1ffe00c2                g_hw_lock_OPS_0U_0U
 .hw_lock.PDC_0U_0U
                0x1ffe00c3        0x1 ./synergy/ssp/src/bsp/mcu/s7g2/bsp_hw_locks.o
                0x1ffe00c3                g_hw_lock_PDC_0U_0U
 .hw_lock.POEG_0U_0U
                0x1ffe00c4        0x1 ./synergy/ssp/src/bsp/mcu/s7g2/bsp_hw_locks.o
                0x1ffe00c4                g_hw_lock_POEG_0U_0U
 .hw_lock.POEG_0U_1U
                0x1ffe00c5        0x1 ./synergy/ssp/src/bsp/mcu/s7g2/bsp_hw_locks.o
                0x1ffe00c5                g_hw_lock_POEG_0U_1U
 .hw_lock.POEG_0U_2U
                0x1ffe00c6        0x1 ./synergy/ssp/src/bsp/mcu/s7g2/bsp_hw_locks.o
                0x1ffe00c6                g_hw_lock_POEG_0U_2U
 .hw_lock.POEG_0U_3U
                0x1ffe00c7        0x1 ./synergy/ssp/src/bsp/mcu/s7g2/bsp_hw_locks.o
                0x1ffe00c7                g_hw_lock_POEG_0U_3U
 .hw_lock.QSPI_0U_0U
                0x1ffe00c8        0x1 ./synergy/ssp/src/bsp/mcu/s7g2/bsp_hw_locks.o
                0x1ffe00c8                g_hw_lock_QSPI_0U_0U
 .hw_lock.RTC_0U_0U
                0x1ffe00c9        0x1 ./synergy/ssp/src/bsp/mcu/s7g2/bsp_hw_locks.o
                0x1ffe00c9                g_hw_lock_RTC_0U_0U
 .hw_lock.SCE_0U_0U
                0x1ffe00ca        0x1 ./synergy/ssp/src/bsp/mcu/s7g2/bsp_hw_locks.o
                0x1ffe00ca                g_hw_lock_SCE_0U_0U
 .hw_lock.SCI_0U_0U
                0x1ffe00cb        0x1 ./synergy/ssp/src/bsp/mcu/s7g2/bsp_hw_locks.o
                0x1ffe00cb                g_hw_lock_SCI_0U_0U
 .hw_lock.SCI_0U_1U
                0x1ffe00cc        0x1 ./synergy/ssp/src/bsp/mcu/s7g2/bsp_hw_locks.o
                0x1ffe00cc                g_hw_lock_SCI_0U_1U
 .hw_lock.SCI_0U_2U
                0x1ffe00cd        0x1 ./synergy/ssp/src/bsp/mcu/s7g2/bsp_hw_locks.o
                0x1ffe00cd                g_hw_lock_SCI_0U_2U
 .hw_lock.SCI_0U_3U
                0x1ffe00ce        0x1 ./synergy/ssp/src/bsp/mcu/s7g2/bsp_hw_locks.o
                0x1ffe00ce                g_hw_lock_SCI_0U_3U
 .hw_lock.SCI_0U_4U
                0x1ffe00cf        0x1 ./synergy/ssp/src/bsp/mcu/s7g2/bsp_hw_locks.o
                0x1ffe00cf                g_hw_lock_SCI_0U_4U
 .hw_lock.SCI_0U_5U
                0x1ffe00d0        0x1 ./synergy/ssp/src/bsp/mcu/s7g2/bsp_hw_locks.o
                0x1ffe00d0                g_hw_lock_SCI_0U_5U
 .hw_lock.SCI_0U_6U
                0x1ffe00d1        0x1 ./synergy/ssp/src/bsp/mcu/s7g2/bsp_hw_locks.o
                0x1ffe00d1                g_hw_lock_SCI_0U_6U
 .hw_lock.SCI_0U_7U
                0x1ffe00d2        0x1 ./synergy/ssp/src/bsp/mcu/s7g2/bsp_hw_locks.o
                0x1ffe00d2                g_hw_lock_SCI_0U_7U
 .hw_lock.SCI_0U_8U
                0x1ffe00d3        0x1 ./synergy/ssp/src/bsp/mcu/s7g2/bsp_hw_locks.o
                0x1ffe00d3                g_hw_lock_SCI_0U_8U
 .hw_lock.SCI_0U_9U
                0x1ffe00d4        0x1 ./synergy/ssp/src/bsp/mcu/s7g2/bsp_hw_locks.o
                0x1ffe00d4                g_hw_lock_SCI_0U_9U
 .hw_lock.SDHIMMC_0U_0U
                0x1ffe00d5        0x1 ./synergy/ssp/src/bsp/mcu/s7g2/bsp_hw_locks.o
                0x1ffe00d5                g_hw_lock_SDHIMMC_0U_0U
 .hw_lock.SDHIMMC_0U_1U
                0x1ffe00d6        0x1 ./synergy/ssp/src/bsp/mcu/s7g2/bsp_hw_locks.o
                0x1ffe00d6                g_hw_lock_SDHIMMC_0U_1U
 .hw_lock.SPI_0U_0U
                0x1ffe00d7        0x1 ./synergy/ssp/src/bsp/mcu/s7g2/bsp_hw_locks.o
                0x1ffe00d7                g_hw_lock_SPI_0U_0U
 .hw_lock.SPI_0U_1U
                0x1ffe00d8        0x1 ./synergy/ssp/src/bsp/mcu/s7g2/bsp_hw_locks.o
                0x1ffe00d8                g_hw_lock_SPI_0U_1U
 .hw_lock.SRC_0U_0U
                0x1ffe00d9        0x1 ./synergy/ssp/src/bsp/mcu/s7g2/bsp_hw_locks.o
                0x1ffe00d9                g_hw_lock_SRC_0U_0U
 .hw_lock.SSI_0U_0U
                0x1ffe00da        0x1 ./synergy/ssp/src/bsp/mcu/s7g2/bsp_hw_locks.o
                0x1ffe00da                g_hw_lock_SSI_0U_0U
 .hw_lock.SSI_0U_1U
                0x1ffe00db        0x1 ./synergy/ssp/src/bsp/mcu/s7g2/bsp_hw_locks.o
                0x1ffe00db                g_hw_lock_SSI_0U_1U
 .hw_lock.TSN_0U_0U
                0x1ffe00dc        0x1 ./synergy/ssp/src/bsp/mcu/s7g2/bsp_hw_locks.o
                0x1ffe00dc                g_hw_lock_TSN_0U_0U
 .hw_lock.USB_0U_0U
                0x1ffe00dd        0x1 ./synergy/ssp/src/bsp/mcu/s7g2/bsp_hw_locks.o
                0x1ffe00dd                g_hw_lock_USB_0U_0U
 .hw_lock.USB_1U_0U